Component: ARM Compiler 5.06 update 6 (build 750) Tool: armlink [4d35ed]

==============================================================================

Section Cross References

    main.o(.text) refers to sbwt_work.o(.text) for init_sbwt()
    main.o(.text) refers to display.o(.text) for init_display()
    main.o(.text) refers to ebyte_lora.o(.text) for init_ebyte_lora()
    main.o(.text) refers to sbwt_modbus.o(.text) for init_sbwt_modbus()
    main.o(.text) refers to rtx_delay.o(.text.osDelay) for osDelay
    main.o(.text) refers to misc.o(.text) for NVIC_PriorityGroupConfig
    main.o(.text) refers to stm32uart.o(.text) for uart1_init(unsigned)
    main.o(.text) refers to rtx_kernel.o(.text.osKernelInitialize) for osKernelInitialize
    main.o(.text) refers to rtx_thread.o(.text.osThreadNew) for osThreadNew
    main.o(.text) refers to rtx_kernel.o(.text.osKernelStart) for osKernelStart
    main.o(.ARM.exidx) refers to main.o(.text) for .text
    ebyte_lora.o(.text) refers to stm32f10x_gpio.o(.text) for GPIO_WriteBit
    ebyte_lora.o(.text) refers to stm32f10x_rcc.o(.text) for RCC_APB2PeriphClockCmd
    ebyte_lora.o(.text) refers to stm32uart.o(.text) for get_myuart
    ebyte_lora.o(.text) refers to sbwt_work.o(.text) for dec_sbwt_group_liveTim(SBWT_INFO*, int, int)
    ebyte_lora.o(.text) refers to display.o(.text) for dmt_ctl(UART_INFO*, SBWT_BUFF_STRUCT*, unsigned)
    ebyte_lora.o(.text) refers to sbwt_transfer.o(.text) for SBWT_INFO::initTestSbwt()
    ebyte_lora.o(.text) refers to rtx_thread.o(.text.osThreadNew) for osThreadNew
    ebyte_lora.o(.text) refers to aeabi_vec_ctor_nocookie_nodtor.o(i.__aeabi_vec_ctor_nocookie_nodtor) for __aeabi_vec_ctor_nocookie_nodtor
    ebyte_lora.o(.text) refers to ebyte_lora.o(.data) for lorabuff
    ebyte_lora.o(.text) refers to ebyte_lora.o(.bss) for sbinfo_lora
    ebyte_lora.o(.text) refers to ebyte_lora.o(i._ZN9SBWT_INFOC1Ev) for SBWT_INFO::SBWT_INFO()
    ebyte_lora.o(.ARM.exidx) refers to ebyte_lora.o(.text) for .text
    ebyte_lora.o(.data) refers to ebyte_lora.o(.bss) for txbuff
    ebyte_lora.o(.init_array) refers to ebyte_lora.o(.text) for __sti___14_ebyte_lora_cpp_4c25969f
    ebyte_lora.o(.init_array) refers to init_aeabi.o(.text) for __cpp_initialize__aeabi_
    mymodbus.o(.text) refers to mbcrc.o(.text) for usMBCRC16
    mymodbus.o(.ARM.exidx) refers to mymodbus.o(.text) for .text
    sbwt_modbus.o(.text) refers to stm32uart.o(.text) for get_myuart
    sbwt_modbus.o(.text) refers to mymodbus.o(.text) for ModBus_RTU::setRectorGroup(ModBus_rector*, int)
    sbwt_modbus.o(.text) refers to rtx_thread.o(.text.osThreadNew) for osThreadNew
    sbwt_modbus.o(.text) refers to sbwt_modbus.o(.constdata__ZTV8myModBus) for vtable for myModBus
    sbwt_modbus.o(.text) refers to mymodbus.o(.constdata__ZTV10ModBus_RTU) for vtable for ModBus_RTU
    sbwt_modbus.o(.text) refers to sbwt_modbus.o(.data) for smr
    sbwt_modbus.o(.text) refers to sbwt_modbus.o(.bss) for thread1_stk_1
    sbwt_modbus.o(.text) refers to sbwt_modbus.o(.constdata__ZTV13ModBus_rector) for vtable for ModBus_rector
    sbwt_modbus.o(.text) refers to sbwt_modbus.o(.constdata__ZTV20sbwt_modbus_reactorf) for vtable for sbwt_modbus_reactorf
    sbwt_modbus.o(.ARM.exidx) refers to sbwt_modbus.o(.text) for .text
    sbwt_modbus.o(.init_array) refers to sbwt_modbus.o(.text) for __sti___15_sbwt_modbus_cpp_22c7b4b0
    sbwt_modbus.o(.init_array) refers to init_aeabi.o(.text) for __cpp_initialize__aeabi_
    mbcrc.o(.text) refers to mbcrc.o(.constdata) for aucCRCHi
    stm32f10x_adc.o(.text) refers to stm32f10x_rcc.o(.text) for RCC_APB2PeriphResetCmd
    stm32f10x_bkp.o(.text) refers to stm32f10x_rcc.o(.text) for RCC_BackupResetCmd
    stm32f10x_gpio.o(.text) refers to stm32f10x_rcc.o(.text) for RCC_APB2PeriphResetCmd
    stm32f10x_rcc.o(.text) refers to stm32f10x_rcc.o(.data) for APBAHBPrescTable
    stm32f10x_tim.o(.text) refers to stm32f10x_rcc.o(.text) for RCC_APB2PeriphResetCmd
    stm32f10x_usart.o(.text) refers to stm32f10x_rcc.o(.text) for RCC_APB2PeriphResetCmd
    stm32f10x_wwdg.o(.text) refers to stm32f10x_rcc.o(.text) for RCC_APB1PeriphResetCmd
    stm32f10x_pwr.o(.text) refers to stm32f10x_rcc.o(.text) for RCC_APB1PeriphResetCmd
    stm32uart.o(.text) refers to stm32f10x_rcc.o(.text) for RCC_APB2PeriphClockCmd
    stm32uart.o(.text) refers to stm32f10x_usart.o(.text) for USART_DeInit
    stm32uart.o(.text) refers to stm32f10x_gpio.o(.text) for GPIO_Init
    stm32uart.o(.text) refers to misc.o(.text) for NVIC_Init
    stm32uart.o(.text) refers to stm32uart.o(i._ZN13STM_UART_INFO12usart_handleEv) for STM_UART_INFO::usart_handle()
    stm32uart.o(.text) refers to stm32uart.o(i._ZN13STM_UART_INFOC1ER13USART_TypeDef) for STM_UART_INFO::STM_UART_INFO(USART_TypeDef&)
    stm32uart.o(.text) refers to stm32uart.o(.bss) for stmuart5
    stm32uart.o(.text) refers to stm32uart.o(.data) for cons
[...]
    __rt_lib_init                            0x080001f5   Thumb Code     0  libinit.o(.ARM.Collect$$libinit$$00000000)
    __rt_lib_init_fp_1                       0x080001f7   Thumb Code     0  libinit2.o(.ARM.Collect$$libinit$$00000002)
    __rt_lib_init_heap_2                     0x080001f7   Thumb Code     0  libinit2.o(.ARM.Collect$$libinit$$00000005)
    __rt_lib_init_preinit_1                  0x080001f7   Thumb Code     0  libinit2.o(.ARM.Collect$$libinit$$00000004)
    __rt_lib_init_atexit_1                   0x080001ff   Thumb Code     0  libinit2.o(.ARM.Collect$$libinit$$0000001B)
    __rt_lib_init_clock_1                    0x080001ff   Thumb Code     0  libinit2.o(.ARM.Collect$$libinit$$00000021)
    __rt_lib_init_fp_trap_1                  0x080001ff   Thumb Code     0  libinit2.o(.ARM.Collect$$libinit$$0000001F)
    __rt_lib_init_getenv_1                   0x080001ff   Thumb Code     0  libinit2.o(.ARM.Collect$$libinit$$00000023)
    __rt_lib_init_heap_1                     0x080001ff   Thumb Code     0  libinit2.o(.ARM.Collect$$libinit$$0000000A)
    __rt_lib_init_lc_collate_1               0x080001ff   Thumb Code     0  libinit2.o(.ARM.Collect$$libinit$$00000011)
    __rt_lib_init_lc_ctype_1                 0x080001ff   Thumb Code     0  libinit2.o(.ARM.Collect$$libinit$$00000013)
    __rt_lib_init_lc_monetary_1              0x080001ff   Thumb Code     0  libinit2.o(.ARM.Collect$$libinit$$00000015)
    __rt_lib_init_lc_numeric_1               0x080001ff   Thumb Code     0  libinit2.o(.ARM.Collect$$libinit$$00000017)
    __rt_lib_init_lc_time_1                  0x080001ff   Thumb Code     0  libinit2.o(.ARM.Collect$$libinit$$00000019)
    __rt_lib_init_rand_1                     0x080001ff   Thumb Code     0  libinit2.o(.ARM.Collect$$libinit$$0000000E)
    __rt_lib_init_signal_1                   0x080001ff   Thumb Code     0  libinit2.o(.ARM.Collect$$libinit$$0000001D)
    __rt_lib_init_stdio_2                    0x080001ff   Thumb Code     0  libinit2.o(.ARM.Collect$$libinit$$00000024)
    __rt_lib_init_user_alloc_1               0x080001ff   Thumb Code     0  libinit2.o(.ARM.Collect$$libinit$$0000000C)
    __rt_lib_init_alloca_1                   0x08000203   Thumb Code     0  libinit2.o(.ARM.Collect$$libinit$$0000002E)
    __rt_lib_init_argv_1                     0x08000203   Thumb Code     0  libinit2.o(.ARM.Collect$$libinit$$0000002C)
    __rt_lib_init_cpp_2                      0x08000203   Thumb Code     0  libinit2.o(.ARM.Collect$$libinit$$00000031)
    __rt_lib_init_exceptions_1               0x08000203   Thumb Code     0  libinit2.o(.ARM.Collect$$libinit$$00000030)
    __rt_lib_init_stdio_1                    0x08000203   Thumb Code     0  libinit2.o(.ARM.Collect$$libinit$$00000025)
    __rt_lib_init_cpp_1                      0x08000207   Thumb Code     0  libinit2.o(.ARM.Collect$$libinit$$00000032)
    __rt_lib_init_return                     0x08000207   Thumb Code     0  libinit2.o(.ARM.Collect$$libinit$$00000033)
    __rt_lib_shutdown                        0x08000209   Thumb Code     0  libshutdown.o(.ARM.Collect$$libshutdown$$00000000)
    __rt_lib_shutdown_cpp_1                  0x0800020b   Thumb Code     0  libshutdown2.o(.ARM.Collect$$libshutdown$$00000002)
    __rt_lib_shutdown_stdio_2                0x0800020b   Thumb Code     0  libshutdown2.o(.ARM.Collect$$libshutdown$$00000003)
    __rt_lib_shutdown_fp_trap_1              0x0800020f   Thumb Code     0  libshutdown2.o(.ARM.Collect$$libshutdown$$00000007)
    __rt_lib_shutdown_heap_2                 0x0800020f   Thumb Code     0  libshutdown2.o(.ARM.Collect$$libshutdown$$0000000D)
    __rt_lib_shutdown_signal_1               0x0800020f   Thumb Code     0  libshutdown2.o(.ARM.Collect$$libshutdown$$0000000A)
    __rt_lib_shutdown_stdio_1                0x0800020f   Thumb Code     0  libshutdown2.o(.ARM.Collect$$libshutdown$$00000004)
    __rt_lib_shutdown_user_alloc_1           0x0800020f   Thumb Code     0  libshutdown2.o(.ARM.Collect$$libshutdown$$0000000C)
    __rt_lib_shutdown_heap_1                 0x08000213   Thumb Code     0  libshutdown2.o(.ARM.Collect$$libshutdown$$0000000F)
    __rt_lib_shutdown_return                 0x08000213   Thumb Code     0  libshutdown2.o(.ARM.Collect$$libshutdown$$00000010)
    __rt_entry                               0x08000215   Thumb Code     0  __rtentry.o(.ARM.Collect$$rtentry$$00000000)
    __rt_entry_presh_1                       0x08000215   Thumb Code     0  __rtentry2.o(.ARM.Collect$$rtentry$$00000002)
    __rt_entry_sh                            0x08000215   Thumb Code     0  __rtentry4.o(.ARM.Collect$$rtentry$$00000004)
    __rt_entry_postsh_1                      0x0800021b   Thumb Code     0  __rtentry2.o(.ARM.Collect$$rtentry$$00000008)
    __rt_entry_li                            0x08000223   Thumb Code     0  __rtentry2.o(.ARM.Collect$$rtentry$$0000000A)
    __rt_entry_main                          0x08000227   Thumb Code     0  __rtentry2.o(.ARM.Collect$$rtentry$$0000000D)
    __rt_entry_postli_1                      0x08000227   Thumb Code     0  __rtentry2.o(.ARM.Collect$$rtentry$$0000000C)
    __rt_exit                                0x0800022f   Thumb Code     0  rtexit.o(.ARM.Collect$$rtexit$$00000000)
    __rt_exit_ls                             0x08000231   Thumb Code     0  rtexit2.o(.ARM.Collect$$rtexit$$00000003)
    __rt_exit_prels_1                        0x08000231   Thumb Code     0  rtexit2.o(.ARM.Collect$$rtexit$$00000002)
    __rt_exit_exit                           0x08000235   Thumb Code     0  rtexit2.o(.ARM.Collect$$rtexit$$00000004)
    app_main(void*)                          0x0800023d   Thumb Code    28  main.o(.text)
    _maybe_terminate_alloc                   0x0800023d   Thumb Code     0  maybetermalloc2.o(.emb_text)
    main                                     0x08000259   Thumb Code    78  main.o(.text)
    ebyte_operator::Lora_MD1_write(int)      0x080002ad   Thumb Code    26  ebyte_lora.o(.text)
    ebyte_operator::Lora_MD0_write(int)      0x080002c7   Thumb Code    26  ebyte_lora.o(.text)
    ebyte_operator::init()                   0x080002e1   Thumb Code    68  ebyte_lora.o(.text)
    ebyte_lora_main(void*)                   0x08000325   Thumb Code   138  ebyte_lora.o(.text)
    init_ebyte_lora()                        0x080003af   Thumb Code    30  ebyte_lora.o(.text)
    GetSbwt_lora(int)                        0x080003cd   Thumb Code    34  ebyte_lora.o(.text)
    myModBus::poll_main()                    0x08000419   Thumb Code   104  mymodbus.o(.text)
    ModBus_RTU::setRectorGroup(ModBus_rector*, int) 0x08000481   Thumb Code    14  mymodbus.o(.text)
    ModBus_RTU::proRec(unsigned char*, unsigned, unsigned char*, unsigned) 0x0800048f   Thumb Code   198  mymodbus.o(.text)
    sbwt_modbus_main(void*)                  0x08000555   Thumb Code    62  sbwt_modbus.o(.text)
    init_sbwt_modbus()                       0x08000593   Thumb Code    32  sbwt_modbus.o(.text)
    usMBCRC16                                0x080005d5   Thumb Code    48  mbcrc.o(.text)
    NVIC_PriorityGroupConfig                 0x0800060d   Thumb Code    10  misc.o(.text)
    NVIC_Init                                0x08000617   Thumb Code   100  misc.o(.text)
    NVIC_SetVectorTable                      0x0800067b   Thumb Code    14  misc.o(.text)
    NVIC_SystemLPConfig                      0x08000689   Thumb Code    34  misc.o(.text)
    SysTick_CLKSourceConfig                  0x080006ab   Thumb Code    40  misc.o(.text)
    GPIO_DeInit                              0x080006e9   Thumb Code   172  stm32f10x_gpio.o(.text)
    GPIO_AFIODeInit                          0x08000795   Thumb Code    20  stm32f10x_gpio.o(.text)
    GPIO_Init                                0x080007a9   Thumb Code   278  stm32f10x_gpio.o(.text)
    GPIO_StructInit                          0x080008bf   Thumb Code    16  stm32f10x_gpio.o(.text)
    GPIO_ReadInputDataBit                    0x080008cf   Thumb Code    18  stm32f10x_gpio.o(.text)
    GPIO_ReadInputData                       0x080008e1   Thumb Code     8  stm32f10x_gpio.o(.text)
    GPIO_ReadOutputDataBit                   0x080008e9   Thumb Code    18  stm32f10x_gpio.o(.text)
    GPIO_ReadOutputData                      0x080008fb   Thumb Code     8  stm32f10x_gpio.o(.text)
    GPIO_SetBits                             0x08000903   Thumb Code     4  stm32f10x_gpio.o(.text)
    GPIO_ResetBits                           0x08000907   Thumb Code     4  stm32f10x_gpio.o(.text)
    GPIO_WriteBit                            0x0800090b   Thumb Code    10  stm32f10x_gpio.o(.text)
    GPIO_Write                               0x08000915   Thumb Code     4  stm32f10x_gpio.o(.text)
    GPIO_PinLockConfig                       0x08000919   Thumb Code    18  stm32f10x_gpio.o(.text)
    GPIO_EventOutputConfig                   0x0800092b   Thumb Code    26  stm32f10x_gpio.o(.text)
    GPIO_EventOutputCmd                      0x08000945   Thumb Code     6  stm32f10x_gpio.o(.text)
    GPIO_PinRemapConfig                      0x0800094b   Thumb Code   138  stm32f10x_gpio.o(.text)
    GPIO_EXTILineConfig                      0x080009d5   Thumb Code    66  stm32f10x_gpio.o(.text)
    GPIO_ETH_MediaInterfaceConfig            0x08000a17   Thumb Code     8  stm32f10x_gpio.o(.text)
    RCC_DeInit                               0x08000a45   Thumb Code    64  stm32f10x_rcc.o(.text)
    RCC_HSEConfig                            0x08000a85   Thumb Code    70  stm32f10x_rcc.o(.text)
    RCC_GetFlagStatus                        0x08000acb   Thumb Code    56  stm32f10x_rcc.o(.text)
    RCC_WaitForHSEStartUp                    0x08000b03   Thumb Code    56  stm32f10x_rcc.o(.text)
    RCC_AdjustHSICalibrationValue            0x08000b3b   Thumb Code    20  stm32f10x_rcc.o(.text)
    RCC_HSICmd                               0x08000b4f   Thumb Code     6  stm32f10x_rcc.o(.text)
    RCC_PLLConfig                            0x08000b55   Thumb Code    24  stm32f10x_rcc.o(.text)
    RCC_PLLCmd                               0x08000b6d   Thumb Code     6  stm32f10x_rcc.o(.text)
    RCC_SYSCLKConfig                         0x08000b73   Thumb Code    18  stm32f10x_rcc.o(.text)
    RCC_GetSYSCLKSource                      0x08000b85   Thumb Code    10  stm32f10x_rcc.o(.text)
    RCC_HCLKConfig                           0x08000b8f   Thumb Code    18  stm32f10x_rcc.o(.text)
    RCC_PCLK1Config                          0x08000ba1   Thumb Code    18  stm32f10x_rcc.o(.text)
    RCC_PCLK2Config                          0x08000bb3   Thumb Code    20  stm32f10x_rcc.o(.text)
    RCC_ITConfig                             0x08000bc7   Thumb Code    26  stm32f10x_rcc.o(.text)
    RCC_USBCLKConfig                         0x08000be1   Thumb Code     8  stm32f10x_rcc.o(.text)
    RCC_ADCCLKConfig                         0x08000be9   Thumb Code    18  stm32f10x_rcc.o(.text)
    RCC_LSEConfig                            0x08000bfb   Thumb Code    50  stm32f10x_rcc.o(.text)
    RCC_LSICmd                               0x08000c2d   Thumb Code     6  stm32f10x_rcc.o(.text)
    RCC_RTCCLKConfig                         0x08000c33   Thumb Code    12  stm32f10x_rcc.o(.text)
    RCC_RTCCLKCmd                            0x08000c3f   Thumb Code     8  stm32f10x_rcc.o(.text)
    RCC_GetClocksFreq                        0x08000c47   Thumb Code   192  stm32f10x_rcc.o(.text)
    RCC_AHBPeriphClockCmd                    0x08000d07   Thumb Code    26  stm32f10x_rcc.o(.text)
    RCC_APB2PeriphClockCmd                   0x08000d21   Thumb Code    26  stm32f10x_rcc.o(.text)
    RCC_APB1PeriphClockCmd                   0x08000d3b   Thumb Code    26  stm32f10x_rcc.o(.text)
    RCC_APB2PeriphResetCmd                   0x08000d55   Thumb Code    26  stm32f10x_rcc.o(.text)
    RCC_APB1PeriphResetCmd                   0x08000d6f   Thumb Code    26  stm32f10x_rcc.o(.text)
    RCC_BackupResetCmd                       0x08000d89   Thumb Code     8  stm32f10x_rcc.o(.text)
    RCC_ClockSecuritySystemCmd               0x08000d91   Thumb Code     6  stm32f10x_rcc.o(.text)
    RCC_MCOConfig                            0x08000d97   Thumb Code     6  stm32f10x_rcc.o(.text)
    RCC_ClearFlag                            0x08000d9d   Thumb Code    14  stm32f10x_rcc.o(.text)
    RCC_GetITStatus                          0x08000dab   Thumb Code    20  stm32f10x_rcc.o(.text)
    RCC_ClearITPendingBit                    0x08000dbf   Thumb Code     6  stm32f10x_rcc.o(.text)
    USART_DeInit                             0x08000de9   Thumb Code   134  stm32f10x_usart.o(.text)
    USART_Init                               0x08000e6f   Thumb Code   210  stm32f10x_usart.o(.text)
    USART_StructInit                         0x08000f41   Thumb Code    24  stm32f10x_usart.o(.text)
    USART_ClockInit                          0x08000f59   Thumb Code    34  stm32f10x_usart.o(.text)
    USART_ClockStructInit                    0x08000f7b   Thumb Code    12  stm32f10x_usart.o(.text)
    USART_Cmd                                0x08000f87   Thumb Code    24  stm32f10x_usart.o(.text)
    USART_ITConfig                           0x08000f9f   Thumb Code    74  stm32f10x_usart.o(.text)
    USART_DMACmd                             0x08000fe9   Thumb Code    18  stm32f10x_usart.o(.text)
    USART_SetAddress                         0x08000ffb   Thumb Code    18  stm32f10x_usart.o(.text)
    USART_WakeUpConfig                       0x0800100d   Thumb Code    18  stm32f10x_usart.o(.text)
    USART_ReceiverWakeUpCmd                  0x0800101f   Thumb Code    24  stm32f10x_usart.o(.text)
    USART_LINBreakDetectLengthConfig         0x08001037   Thumb Code    18  stm32f10x_usart.o(.text)
    USART_LINCmd                             0x08001049   Thumb Code    24  stm32f10x_usart.o(.text)
    USART_SendData                           0x08001061   Thumb Code     8  stm32f10x_usart.o(.text)
    USART_ReceiveData                        0x08001069   Thumb Code    10  stm32f10x_usart.o(.text)
    USART_SendBreak                          0x08001073   Thumb Code    10  stm32f10x_usart.o(.text)
    USART_SetGuardTime                       0x0800107d   Thumb Code    16  stm32f10x_usart.o(.text)
    USART_SetPrescaler                       0x0800108d   Thumb Code    16  stm32f10x_usart.o(.text)
    USART_SmartCardCmd                       0x0800109d   Thumb Code    24  stm32f10x_usart.o(.text)
    USART_SmartCardNACKCmd                   0x080010b5   Thumb Code    24  stm32f10x_usart.o(.text)
    USART_HalfDuplexCmd                      0x080010cd   Thumb Code    24  stm32f10x_usart.o(.text)
    USART_OverSampling8Cmd                   0x080010e5   Thumb Code    22  stm32f10x_usart.o(.text)
    USART_OneBitMethodCmd                    0x080010fb   Thumb Code    24  stm32f10x_usart.o(.text)
    USART_IrDAConfig                         0x08001113   Thumb Code    18  stm32f10x_usart.o(.text)
    USART_IrDACmd                            0x08001125   Thumb Code    24  stm32f10x_usart.o(.text)
    USART_GetFlagStatus                      0x0800113d   Thumb Code    26  stm32f10x_usart.o(.text)
    USART_ClearFlag                          0x08001157   Thumb Code    18  stm32f10x_usart.o(.text)
    USART_GetITStatus                        0x08001169   Thumb Code    84  stm32f10x_usart.o(.text)
    USART_ClearITPendingBit                  0x080011bd   Thumb Code    52  stm32f10x_usart.o(.text)
    uart5_init(unsigned)                     0x080011f1   Thumb Code   160  stm32uart.o(.text)
    uart4_init(unsigned)                     0x08001291   Thumb Code   164  stm32uart.o(.text)
    uart3_init(unsigned)                     0x08001335   Thumb Code   174  stm32uart.o(.text)
    uart2_init(unsigned)                     0x080013e3   Thumb Code   160  stm32uart.o(.text)
    uart1_init(unsigned)                     0x08001483   Thumb Code   164  stm32uart.o(.text)
    UART5_IRQHandler                         0x08001527   Thumb Code    10  stm32uart.o(.text)
    UART4_IRQHandler                         0x08001531   Thumb Code    10  stm32uart.o(.text)
    USART3_IRQHandler                        0x0800153b   Thumb Code    10  stm32uart.o(.text)
    USART2_IRQHandler                        0x08001545   Thumb Code    10  stm32uart.o(.text)
    USART1_IRQHandler                        0x0800154f   Thumb Code    10  stm32uart.o(.text)
    get_myuart                               0x08001559   Thumb Code    36  stm32uart.o(.text)
    a48decode(TPack*, SBWT_INFO&)            0x080015e5   Thumb Code    98  sbwt_app.o(.text)
    errRet(TPack*, SBWT_INFO&)               0x08001647   Thumb Code    38  sbwt_app.o(.text)
    checkAppData(TPack*, SBWT_INFO&)         0x0800166d   Thumb Code    66  sbwt_app.o(.text)
    CRC16ppp(unsigned char*, unsigned)       0x080016d9   Thumb Code    60  sbwt_transfer.o(.text)
    mkTpack(TPack*, unsigned char*)          0x08001715   Thumb Code    84  sbwt_transfer.o(.text)
    findbyte(unsigned char*, unsigned, unsigned char*, unsigned) 0x08001769   Thumb Code    74  sbwt_transfer.o(.text)
    unTpakc(TPack*, unsigned char*, unsigned) 0x080017b3   Thumb Code   194  sbwt_transfer.o(.text)
    SBWT_INFO::GetDataSBWT()                 0x08001875   Thumb Code   122  sbwt_transfer.o(.text)
    SBWT_INFO::initSBWT()                    0x080018ef   Thumb Code   280  sbwt_transfer.o(.text)
    SBWT_INFO::initTestSbwt()                0x08001a07   Thumb Code    40  sbwt_transfer.o(.text)
    SBWT_INFO::ChangeNum(int)                0x08001a2f   Thumb Code   148  sbwt_transfer.o(.text)
    SBWT_INFO::SetZeroCalibration()          0x08001ac3   Thumb Code   122  sbwt_transfer.o(.text)
    dec_sbwt_group_liveTim(SBWT_INFO*, int, int) 0x08001b55   Thumb Code    52  sbwt_work.o(.text)
    sbwt_main(void*)                         0x08001b8d   Thumb Code   106  sbwt_work.o(.text)
    init_sbwt()                              0x08001bf7   Thumb Code    32  sbwt_work.o(.text)
    GetSbwt_485(int)                         0x08001c17   Thumb Code    34  sbwt_work.o(.text)
    GetSbwt_all(int)                         0x08001c39   Thumb Code    58  sbwt_work.o(.text)
    dmt_ctl(UART_INFO*, SBWT_BUFF_STRUCT*, unsigned) 0x08001c95   Thumb Code    22  display.o(.text)
    dispIndex(int, SBWT_INFO*)               0x08001cab   Thumb Code    68  display.o(.text)
    show_data(DMT&, SBWT_INFO*)              0x08001cef   Thumb Code   260  display.o(.text)
    disp_main(void*)                         0x08001df3   Thumb Code   128  display.o(.text)
    init_display()                           0x08001e73   Thumb Code    32  display.o(.text)
    DMT::read_addr_num(int, int)             0x08001ef5   Thumb Code   114  dmt.o(.text)
    DMT::default_rec(DMT_UART_DATA_STRUCT*)  0x08001f67   Thumb Code    42  dmt.o(.text)
    DMT::write_rec(DMT_UART_DATA_STRUCT*)    0x08001f91   Thumb Code    54  dmt.o(.text)
    DMT::rec_thread()                        0x08001fc7   Thumb Code    86  dmt.o(.text)
    disp_rec(void*)                          0x0800201d   Thumb Code    16  dmt.o(.text)
    setNewID(UART_INFO*, SBWT_BUFF_STRUCT*, int) 0x0800202d   Thumb Code    54  dmt.o(.text)
    setZeroCalibration(UART_INFO*, SBWT_BUFF_STRUCT*, int) 0x08002063   Thumb Code    52  dmt.o(.text)
    DMT::write_int(int, int)                 0x08002097   Thumb Code    30  dmt.o(.text)
    DMT::write_float(int, float)             0x080020b5   Thumb Code    30  dmt.o(.text)
    DMT::init(UART_INFO*)                    0x080020d3   Thumb Code    46  dmt.o(.text)
    DMT::SP_Work(UART_INFO*, SBWT_BUFF_STRUCT*, unsigned) 0x08002101   Thumb Code   102  dmt.o(.text)
    DMT::set_pro(int(*)(void*, DMT_UART_DATA_STRUCT*), void*) 0x08002167   Thumb Code    66  dmt.o(.text)
    crc_make(unsigned char*, int, unsigned)  0x080021ad   Thumb Code    58  dmt_uart.o(.text)
    dmt_unpack_buff(DMT_UART_DATA_STRUCT*, unsigned char*, int, int) 0x080021e7   Thumb Code   170  dmt_uart.o(.text)
    unpackdata_rd(void*, DMT_UART_DATA_STRUCT*) 0x08002291   Thumb Code    62  dmt_uart.o(.text)
    DMT::write_data(int, void*, int&)        0x080022cf   Thumb Code   160  dmt_uart.o(.text)
    DMT::read_data(int, void*, int&)         0x0800236f   Thumb Code   170  dmt_uart.o(.text)
    osRtxIdleThread                          0x08002419   Thumb Code     4  rtx_config.o(.text)
    osRtxErrorNotify                         0x0800241d   Thumb Code    32  rtx_config.o(.text)
    _platform_post_stackheap_init            0x0800243d   Thumb Code     8  rtx_lib.o(.text)
    __user_perthread_libspace                0x08002461   Thumb Code    80  rtx_lib.o(.text)
    _mutex_initialize                        0x080024b1   Thumb Code    34  rtx_lib.o(.text)
    _mutex_acquire                           0x080024d3   Thumb Code    22  rtx_lib.o(.text)
    _mutex_release                           0x080024e9   Thumb Code    18  rtx_lib.o(.text)
    _mutex_free                              0x080024fb   Thumb Code    12  rtx_lib.o(.text)
    ITM_SendChar                             0x08002515   Thumb Code    42  retarget_io.o(.text)
    ITM_ReceiveChar                          0x0800253f   Thumb Code    26  retarget_io.o(.text)
    _sys_open                                0x08002565   Thumb Code    80  retarget_io.o(.text)
    _sys_close                               0x080025b5   Thumb Code    38  retarget_io.o(.text)
    _sys_write                               0x080025db   Thumb Code    70  retarget_io.o(.text)
    _sys_read                                0x08002621   Thumb Code    46  retarget_io.o(.text)
    _sys_istty                               0x0800264f   Thumb Code    36  retarget_io.o(.text)
    _sys_seek                                0x08002673   Thumb Code    44  retarget_io.o(.text)
    _sys_flen                                0x0800269f   Thumb Code    36  retarget_io.o(.text)
    Reset_Handler                            0x080026e9   Thumb Code     8  startup_stm32f10x_hd.o(.text)
    NMI_Handler                              0x080026f1   Thumb Code     2  startup_stm32f10x_hd.o(.text)
    HardFault_Handler                        0x080026f3   Thumb Code     2  startup_stm32f10x_hd.o(.text)
    MemManage_Handler                        0x080026f5   Thumb Code     2  startup_stm32f10x_hd.o(.text)
    BusFault_Handler                         0x080026f7   Thumb Code     2  startup_stm32f10x_hd.o(.text)
    UsageFault_Handler                       0x080026f9   Thumb Code     2  startup_stm32f10x_hd.o(.text)
    DebugMon_Handler                         0x080026fd   Thumb Code     2  startup_stm32f10x_hd.o(.text)
    ADC1_2_IRQHandler                        0x08002703   Thumb Code     0  startup_stm32f10x_hd.o(.text)
    ADC3_IRQHandler                          0x08002703   Thumb Code     0  startup_stm32f10x_hd.o(.text)
    CAN1_RX1_IRQHandler                      0x08002703   Thumb Code     0  startup_stm32f10x_hd.o(.text)
    CAN1_SCE_IRQHandler                      0x08002703   Thumb Code     0  startup_stm32f10x_hd.o(.text)
    DMA1_Channel1_IRQHandler                 0x08002703   Thumb Code     0  startup_stm32f10x_hd.o(.text)
    DMA1_Channel2_IRQHandler                 0x08002703   Thumb Code     0  startup_stm32f10x_hd.o(.text)
    DMA1_Channel3_IRQHandler                 0x08002703   Thumb Code     0  startup_stm32f10x_hd.o(.text)
    DMA1_Channel4_IRQHandler                 0x08002703   Thumb Code     0  startup_stm32f10x_hd.o(.text)
    DMA1_Channel5_IRQHandler                 0x08002703   Thumb Code     0  startup_stm32f10x_hd.o(.text)
    DMA1_Channel6_IRQHandler                 0x08002703   Thumb Code     0  startup_stm32f10x_hd.o(.text)
    DMA1_Channel7_IRQHandler                 0x08002703   Thumb Code     0  startup_stm32f10x_hd.o(.text)
    DMA2_Channel1_IRQHandler                 0x08002703   Thumb Code     0  startup_stm32f10x_hd.o(.text)
    DMA2_Channel2_IRQHandler                 0x08002703   Thumb Code     0  startup_stm32f10x_hd.o(.text)
    DMA2_Channel3_IRQHandler                 0x08002703   Thumb Code     0  startup_stm32f10x_hd.o(.text)
    DMA2_Channel4_5_IRQHandler               0x08002703   Thumb Code     0  startup_stm32f10x_hd.o(.text)
    EXTI0_IRQHandler                         0x08002703   Thumb Code     0  startup_stm32f10x_hd.o(.text)
    EXTI15_10_IRQHandler                     0x08002703   Thumb Code     0  startup_stm32f10x_hd.o(.text)
    EXTI1_IRQHandler                         0x08002703   Thumb Code     0  startup_stm32f10x_hd.o(.text)
    EXTI2_IRQHandler                         0x08002703   Thumb Code     0  startup_stm32f10x_hd.o(.text)
    EXTI3_IRQHandler                         0x08002703   Thumb Code     0  startup_stm32f10x_hd.o(.text)
    EXTI4_IRQHandler                         0x08002703   Thumb Code     0  startup_stm32f10x_hd.o(.text)
    EXTI9_5_IRQHandler                       0x08002703   Thumb Code     0  startup_stm32f10x_hd.o(.text)
    FLASH_IRQHandler                         0x08002703   Thumb Code     0  startup_stm32f10x_hd.o(.text)
    FSMC_IRQHandler                          0x08002703   Thumb Code     0  startup_stm32f10x_hd.o(.text)
    I2C1_ER_IRQHandler                       0x08002703   Thumb Code     0  startup_stm32f10x_hd.o(.text)
    I2C1_EV_IRQHandler                       0x08002703   Thumb Code     0  startup_stm32f10x_hd.o(.text)
    I2C2_ER_IRQHandler                       0x08002703   Thumb Code     0  startup_stm32f10x_hd.o(.text)
    I2C2_EV_IRQHandler                       0x08002703   Thumb Code     0  startup_stm32f10x_hd.o(.text)
    PVD_IRQHandler                           0x08002703   Thumb Code     0  startup_stm32f10x_hd.o(.text)
    RCC_IRQHandler                           0x08002703   Thumb Code     0  startup_stm32f10x_hd.o(.text)
    RTCAlarm_IRQHandler                      0x08002703   Thumb Code     0  startup_stm32f10x_hd.o(.text)
    RTC_IRQHandler                           0x08002703   Thumb Code     0  startup_stm32f10x_hd.o(.text)
    SDIO_IRQHandler                          0x08002703   Thumb Code     0  startup_stm32f10x_hd.o(.text)
    SPI1_IRQHandler                          0x08002703   Thumb Code     0  startup_stm32f10x_hd.o(.text)
    SPI2_IRQHandler                          0x08002703   Thumb Code     0  startup_stm32f10x_hd.o(.text)
    SPI3_IRQHandler                          0x08002703   Thumb Code     0  startup_stm32f10x_hd.o(.text)
    TAMPER_IRQHandler                        0x08002703   Thumb Code     0  startup_stm32f10x_hd.o(.text)
    TIM1_BRK_IRQHandler                      0x08002703   Thumb Code     0  startup_stm32f10x_hd.o(.text)
    TIM1_CC_IRQHandler                       0x08002703   Thumb Code     0  startup_stm32f10x_hd.o(.text)
    TIM1_TRG_COM_IRQHandler                  0x08002703   Thumb Code     0  startup_stm32f10x_hd.o(.text)
    TIM1_UP_IRQHandler                       0x08002703   Thumb Code     0  startup_stm32f10x_hd.o(.text)
    TIM2_IRQHandler                          0x08002703   Thumb Code     0  startup_stm32f10x_hd.o(.text)
    TIM3_IRQHandler                          0x08002703   Thumb Code     0  startup_stm32f10x_hd.o(.text)
    TIM4_IRQHandler                          0x08002703   Thumb Code     0  startup_stm32f10x_hd.o(.text)
    TIM5_IRQHandler                          0x08002703   Thumb Code     0  startup_stm32f10x_hd.o(.text)
    TIM6_IRQHandler                          0x08002703   Thumb Code     0  startup_stm32f10x_hd.o(.text)
    TIM7_IRQHandler                          0x08002703   Thumb Code     0  startup_stm32f10x_hd.o(.text)
    TIM8_BRK_IRQHandler                      0x08002703   Thumb Code     0  startup_stm32f10x_hd.o(.text)
    TIM8_CC_IRQHandler                       0x08002703   Thumb Code     0  startup_stm32f10x_hd.o(.text)
    TIM8_TRG_COM_IRQHandler                  0x08002703   Thumb Code     0  startup_stm32f10x_hd.o(.text)
    TIM8_UP_IRQHandler                       0x08002703   Thumb Code     0  startup_stm32f10x_hd.o(.text)
    USBWakeUp_IRQHandler                     0x08002703   Thumb Code     0  startup_stm32f10x_hd.o(.text)
    USB_HP_CAN1_TX_IRQHandler                0x08002703   Thumb Code     0  startup_stm32f10x_hd.o(.text)
    USB_LP_CAN1_RX0_IRQHandler               0x08002703   Thumb Code     0  startup_stm32f10x_hd.o(.text)
    WWDG_IRQHandler                          0x08002703   Thumb Code     0  startup_stm32f10x_hd.o(.text)
    __user_initial_stackheap                 0x08002705   Thumb Code     0  startup_stm32f10x_hd.o(.text)
    SystemInit                               0x08002807   Thumb Code    78  system_stm32f10x.o(.text)
    SystemCoreClockUpdate                    0x08002855   Thumb Code   142  system_stm32f10x.o(.text)
    SVC_Handler                              0x08002909   Thumb Code   108  irq_cm3.o(.text)
    PendSV_Handler                           0x08002975   Thumb Code    16  irq_cm3.o(.text)
    SysTick_Handler                          0x08002985   Thumb Code    16  irq_cm3.o(.text)
    __2printf                                0x0800299d   Thumb Code    20  __2printf.o(.text)
    __2sprintf                               0x080029b5   Thumb Code    38  __2sprintf.o(.text)
    _printf_pre_padding                      0x080029e1   Thumb Code    44  _printf_pad.o(.text)
    _printf_post_padding                     0x08002a0d   Thumb Code    34  _printf_pad.o(.text)
    _printf_int_dec                          0x08002a31   Thumb Code   104  _printf_dec.o(.text)
    _printf_int_hex                          0x08002aa9   Thumb Code    84  _printf_hex_int.o(.text)
    _printf_longlong_hex                     0x08002aa9   Thumb Code     0  _printf_hex_int.o(.text)
    __printf                                 0x08002b01   Thumb Code   308  __printf_flags_wp.o(.text)
    __aeabi_memcpy                           0x08002c39   Thumb Code     0  rt_memcpy_v6.o(.text)
    __rt_memcpy                              0x08002c39   Thumb Code   138  rt_memcpy_v6.o(.text)
    _memcpy_lastbytes                        0x08002c9f   Thumb Code     0  rt_memcpy_v6.o(.text)
    __aeabi_memclr                           0x08002cc3   Thumb Code     0  rt_memclr.o(.text)
    __rt_memclr                              0x08002cc3   Thumb Code    68  rt_memclr.o(.text)
    _memset                                  0x08002cc7   Thumb Code     0  rt_memclr.o(.text)
    __aeabi_memclr4                          0x08002d07   Thumb Code     0  rt_memclr_w.o(.text)
    __aeabi_memclr8                          0x08002d07   Thumb Code     0  rt_memclr_w.o(.text)
    __rt_memclr_w                            0x08002d07   Thumb Code    78  rt_memclr_w.o(.text)
    _memset_w                                0x08002d0b   Thumb Code     0  rt_memclr_w.o(.text)
    strcmp                                   0x08002d55   Thumb Code   128  strcmpv7m.o(.text)
    __use_two_region_memory                  0x08002dd5   Thumb Code     2  heapauxi.o(.text)
    __rt_heap_escrow                         0x08002dd7   Thumb Code     2  heapauxi.o(.text)
    __rt_heap_expand                         0x08002dd9   Thumb Code     2  heapauxi.o(.text)
    __cpp_initialize__aeabi_                 0x08002ddd   Thumb Code    26  init_aeabi.o(.text)
    _printf_int_common                       0x08002e01   Thumb Code   178  _printf_intcommon.o(.text)
    _printf_char_common                      0x08002ebf   Thumb Code    32  _printf_char_common.o(.text)
    _sputc                                   0x08002ee5   Thumb Code    10  _sputc.o(.text)
    __rt_SIGPVFN                             0x08002eef   Thumb Code    14  defsig_pvfn_outer.o(.text)
    __aeabi_memcpy4                          0x08002efd   Thumb Code     0  rt_memcpy_w.o(.text)
    __aeabi_memcpy8                          0x08002efd   Thumb Code     0  rt_memcpy_w.o(.text)
    __rt_memcpy_w                            0x08002efd   Thumb Code   100  rt_memcpy_w.o(.text)
    _memcpy_lastbytes_aligned                0x08002f45   Thumb Code     0  rt_memcpy_w.o(.text)
    _initio                                  0x08002f61   Thumb Code   240  initio_locked.o(.text)
    _terminateio                             0x08003051   Thumb Code   168  initio_locked.o(.text)
    __sig_exit                               0x08003129   Thumb Code    10  defsig_exit.o(.text)
    __rt_SIGPVFN_inner                       0x08003135   Thumb Code    14  defsig_pvfn_inner.o(.text)
    _sys_exit                                0x08003165   Thumb Code     8  sys_exit.o(.text)
    __user_setup_stackheap                   0x08003171   Thumb Code    74  sys_stackheap_outer.o(.text)
    _malloc_internal                         0x080031c3   Thumb Code   130  h1_alloc_mt.o(.text)
    malloc                                   0x08003245   Thumb Code    20  h1_alloc_mt.o(.text)
    _free_internal                           0x08003259   Thumb Code    98  h1_free_mt.o(.text)
    free                                     0x080032bb   Thumb Code    20  h1_free_mt.o(.text)
    __flsbuf                                 0x080032cf   Thumb Code   470  flsbuf.o(.text)
    __flsbuf_byte                            0x080032cf   Thumb Code     0  flsbuf.o(.text)
    __flsbuf_wide                            0x080032cf   Thumb Code     0  flsbuf.o(.text)
    _fclose_internal                         0x080034a5   Thumb Code    76  fclose.o(.text)
    fclose                                   0x080034a5   Thumb Code     0  fclose.o(.text)
    setvbuf                                  0x080034f1   Thumb Code   104  setvbuf_locked.o(.text)
    freopen                                  0x08003607   Thumb Code    42  fopen_locked.o(.text)
    _fopen$locked                            0x08003631   Thumb Code   100  fopen_locked.o(.text)
    exit                                     0x0800369d   Thumb Code    18  exit.o(.text)
    __default_signal_display                 0x080036af   Thumb Code    50  defsig_general.o(.text)
    __rt_SIGRTRED                            0x080036e1   Thumb Code    14  defsig_rtred_outer.o(.text)
    _ttywrch                                 0x080036ef   Thumb Code    14  sys_wrch.o(.text)
    __user_libspace                          0x080036fd   Thumb Code     8  libspace.o(.text)
    __user_perproc_libspace                  0x080036fd   Thumb Code     0  libspace.o(.text)
    __I$use$semihosting                      0x08003705   Thumb Code     0  use_no_semi.o(.text)
    __use_no_semihosting_swi                 0x08003705   Thumb Code     2  use_no_semi.o(.text)
    __rt_heap_descriptor                     0x08003707   Thumb Code    10  rt_heap_descriptor_twolibspace.o(.text)
    __semihosting_library_function           0x08003707   Thumb Code     0  indicate_semi.o(.text)
    __use_no_heap                            0x08003711   Thumb Code     2  hguard.o(.text)
    __heap$guard                             0x08003713   Thumb Code     2  hguard.o(.text)
    _terminate_user_alloc                    0x08003715   Thumb Code     2  init_alloc.o(.text)
    _init_user_alloc                         0x08003717   Thumb Code     2  init_alloc.o(.text)
    __Heap_Full                              0x08003719   Thumb Code    34  init_alloc.o(.text)
    __Heap_Broken                            0x0800373b   Thumb Code     6  init_alloc.o(.text)
    _init_alloc                              0x08003741   Thumb Code    94  init_alloc.o(.text)
    __Heap_Initialize                        0x0800379f   Thumb Code    14  h1_init_mt.o(.text)
    __Heap_DescSize                          0x080037ad   Thumb Code     4  h1_init_mt.o(.text)
    _printf_char_file                        0x080037b1   Thumb Code    58  _printf_char_file_locked.o(.text)
    _fseek                                   0x080037f1   Thumb Code   242  fseek.o(.text)
    fseek                                    0x080037f1   Thumb Code     0  fseek.o(.text)
    _seterr                                  0x080038e9   Thumb Code    20  stdio.o(.text)
    _writebuf                                0x080038fd   Thumb Code    84  stdio.o(.text)
    _fflush                                  0x08003951   Thumb Code    70  stdio.o(.text)
    _deferredlazyseek                        0x08003997   Thumb Code    60  stdio.o(.text)
    __rt_SIGRTRED_inner                      0x080039d9   Thumb Code    14  defsig_rtred_inner.o(.text)
    __rt_SIGRTMEM                            0x08003a0d   Thumb Code    14  defsig_rtmem_outer.o(.text)
    __Heap_ProvideMemory                     0x08003a1b   Thumb Code    62  h1_extend_mt.o(.text)
    _ftell_internal                          0x08003a59   Thumb Code    66  ftell.o(.text)
    ftell                                    0x08003a59   Thumb Code     0  ftell.o(.text)
    __rt_SIGRTMEM_inner                      0x08003a9d   Thumb Code    22  defsig_rtmem_inner.o(.text)
    __aeabi_errno_addr                       0x08003aed   Thumb Code     4  rt_errno_addr_twolibspace.o(.text)
    __errno$twolibspace                      0x08003aed   Thumb Code     0  rt_errno_addr_twolibspace.o(.text)
    __rt_errno_addr$twolibspace              0x08003aed   Thumb Code     0  rt_errno_addr_twolibspace.o(.text)
    _terminate_alloc                         0x08003af1   Thumb Code    16  term_alloc.o(.text)
    __Heap_Finalize                          0x08003b01   Thumb Code    10  h1_final_mt.o(.text)
    OS_Tick_AcknowledgeIRQ                   0x08003bcd   Thumb Code    12  os_systick.o(.text.OS_Tick_AcknowledgeIRQ)
    OS_Tick_Enable                           0x08003bd9   Thumb Code    44  os_systick.o(.text.OS_Tick_Enable)
    OS_Tick_GetIRQn                          0x08003c05   Thumb Code     6  os_systick.o(.text.OS_Tick_GetIRQn)
    OS_Tick_Setup                            0x08003c0d   Thumb Code    64  os_systick.o(.text.OS_Tick_Setup)
    osDelay                                  0x08003d09   Thumb Code    36  rtx_delay.o(.text.osDelay)
    osKernelGetState                         0x08003d2d   Thumb Code    48  rtx_kernel.o(.text.osKernelGetState)
    osKernelInitialize                       0x08003d5d   Thumb Code    44  rtx_kernel.o(.text.osKernelInitialize)
    osKernelStart                            0x08003d89   Thumb Code    36  rtx_kernel.o(.text.osKernelStart)
    osMessageQueueGet                        0x08003dad   Thumb Code   108  rtx_msgqueue.o(.text.osMessageQueueGet)
    osMessageQueueNew                        0x08003e19   Thumb Code    36  rtx_msgqueue.o(.text.osMessageQueueNew)
    osMessageQueuePut                        0x08003e3d   Thumb Code   120  rtx_msgqueue.o(.text.osMessageQueuePut)
    osMutexAcquire                           0x08003eb5   Thumb Code    36  rtx_mutex.o(.text.osMutexAcquire)
    osMutexDelete                            0x08003ed9   Thumb Code    36  rtx_mutex.o(.text.osMutexDelete)
    osMutexNew                               0x08003efd   Thumb Code    36  rtx_mutex.o(.text.osMutexNew)
    osMutexRelease                           0x08003f21   Thumb Code    36  rtx_mutex.o(.text.osMutexRelease)
    osRtxKernelPreInit                       0x08003f45   Thumb Code     2  rtx_kernel.o(.text.osRtxKernelPreInit)
    osRtxMemoryAlloc                         0x08003f47   Thumb Code   128  rtx_memory.o(.text.osRtxMemoryAlloc)
    osRtxMemoryFree                          0x08003fc7   Thumb Code    82  rtx_memory.o(.text.osRtxMemoryFree)
    osRtxMemoryInit                          0x08004019   Thumb Code    54  rtx_memory.o(.text.osRtxMemoryInit)
    osRtxMemoryPoolAlloc                     0x0800404f   Thumb Code    58  rtx_mempool.o(.text.osRtxMemoryPoolAlloc)
    osRtxMemoryPoolFree                      0x08004089   Thumb Code    74  rtx_mempool.o(.text.osRtxMemoryPoolFree)
    osRtxMemoryPoolInit                      0x080040d3   Thumb Code    70  rtx_mempool.o(.text.osRtxMemoryPoolInit)
    osRtxMutexOwnerRelease                   0x080041d3   Thumb Code    74  rtx_mutex.o(.text.osRtxMutexOwnerRelease)
    osRtxPendSV_Handler                      0x0800421d   Thumb Code   144  rtx_system.o(.text.osRtxPendSV_Handler)
    osRtxPostProcess                         0x080042ad   Thumb Code   116  rtx_system.o(.text.osRtxPostProcess)
    osRtxThreadDelayTick                     0x0800441d   Thumb Code    52  rtx_thread.o(.text.osRtxThreadDelayTick)
    osRtxThreadDispatch                      0x08004451   Thumb Code    92  rtx_thread.o(.text.osRtxThreadDispatch)
    osRtxThreadListGet                       0x08004505   Thumb Code    20  rtx_thread.o(.text.osRtxThreadListGet)
    osRtxThreadListPut                       0x08004519   Thumb Code    42  rtx_thread.o(.text.osRtxThreadListPut)
    osRtxThreadListRemove                    0x08004543   Thumb Code    20  rtx_thread.o(.text.osRtxThreadListRemove)
    osRtxThreadListSort                      0x08004557   Thumb Code    40  rtx_thread.o(.text.osRtxThreadListSort)
    osRtxThreadReadyPut                      0x080045a9   Thumb Code    20  rtx_thread.o(.text.osRtxThreadReadyPut)
    osRtxThreadRegPtr                        0x080045bd   Thumb Code     6  rtx_thread.o(.text.osRtxThreadRegPtr)
    osRtxThreadStackCheck                    0x080045c5   Thumb Code    40  rtx_thread.o(.text.osRtxThreadStackCheck)
    osRtxThreadStartup                       0x080045ed   Thumb Code    64  rtx_thread.o(.text.osRtxThreadStartup)
    osRtxThreadSwitch                        0x0800462d   Thumb Code    16  rtx_thread.o(.text.osRtxThreadSwitch)
    osRtxThreadWaitEnter                     0x0800463d   Thumb Code    60  rtx_thread.o(.text.osRtxThreadWaitEnter)
    osRtxThreadWaitExit                      0x08004679   Thumb Code    36  rtx_thread.o(.text.osRtxThreadWaitExit)
    osRtxTick_Handler                        0x0800469d   Thumb Code   112  rtx_system.o(.text.osRtxTick_Handler)
    osRtxTimerThread                         0x0800470d   Thumb Code    60  rtx_timer.o(.text.osRtxTimerThread)
    osThreadExit                             0x080047a1   Thumb Code    12  rtx_thread.o(.text.osThreadExit)
    osThreadFlagsSet                         0x080047ad   Thumb Code    88  rtx_thread.o(.text.osThreadFlagsSet)
    osThreadFlagsWait                        0x08004805   Thumb Code    36  rtx_thread.o(.text.osThreadFlagsWait)
    osThreadGetId                            0x08004829   Thumb Code    40  rtx_thread.o(.text.osThreadGetId)
    osThreadNew                              0x08004851   Thumb Code    36  rtx_thread.o(.text.osThreadNew)
    STM_UART_INFO::checkTXCPL()              0x080052c9   Thumb Code    14  stm32uart.o(i._ZN13STM_UART_INFO10checkTXCPLEv)
    STM_UART_INFO::usart_handle()            0x080052d7   Thumb Code   230  stm32uart.o(i._ZN13STM_UART_INFO12usart_handleEv)
    STM_UART_INFO::wait_send_end()           0x080053bd   Thumb Code    26  stm32uart.o(i._ZN13STM_UART_INFO13wait_send_endEv)
    STM_UART_INFO::rece(unsigned char*, unsigned) 0x080053d7   Thumb Code    46  stm32uart.o(i._ZN13STM_UART_INFO4receEPhj)
    STM_UART_INFO::send(unsigned char*, unsigned) 0x08005405   Thumb Code    46  stm32uart.o(i._ZN13STM_UART_INFO4sendEPhj)
    STM_UART_INFO::stopRX()                  0x08005433   Thumb Code     6  stm32uart.o(i._ZN13STM_UART_INFO6stopRXEv)
    STM_UART_INFO::GetRxNum()                0x08005439   Thumb Code     6  stm32uart.o(i._ZN13STM_UART_INFO8GetRxNumEv)
    STM_UART_INFO::wait_rece(unsigned, unsigned) 0x0800543f   Thumb Code   104  stm32uart.o(i._ZN13STM_UART_INFO9wait_receEjj)
    STM_UART_INFO::STM_UART_INFO(USART_TypeDef&) 0x080054a9   Thumb Code    30  stm32uart.o(i._ZN13STM_UART_INFOC1ER13USART_TypeDef)
    STM_UART_INFO::STM_UART_INFO__sub_object(USART_TypeDef&) 0x080054a9   Thumb Code     0  stm32uart.o(i._ZN13STM_UART_INFOC1ER13USART_TypeDef)
    sbwt_modbus_reactorf::code()             0x080054d1   Thumb Code     6  sbwt_modbus.o(i._ZN20sbwt_modbus_reactorf4codeEv)
    sbwt_modbus_reactorf::prodata(unsigned char*, int, unsigned char*, unsigned) 0x080054d7   Thumb Code   156  sbwt_modbus.o(i._ZN20sbwt_modbus_reactorf7prodataEPhiS0_j)
    SBWT_INFO::init(UART_INFO*, unsigned, SBWT_BUFF_STRUCT*) 0x08005573   Thumb Code    16  dmt.o(i._ZN9SBWT_INFO4initEP9UART_INFOjP16SBWT_BUFF_STRUCT)
    SBWT_INFO::GetData(int)                  0x08005583   Thumb Code    28  display.o(i._ZN9SBWT_INFO7GetDataEi)
    SBWT_INFO::getAlive()                    0x0800559f   Thumb Code    16  sbwt_work.o(i._ZN9SBWT_INFO8getAliveEv)
    SBWT_INFO::SBWT_INFO()                   0x080055af   Thumb Code     6  ebyte_lora.o(i._ZN9SBWT_INFOC1Ev)
    SBWT_INFO::SBWT_INFO__sub_object()       0x080055af   Thumb Code     0  ebyte_lora.o(i._ZN9SBWT_INFOC1Ev)
    __aeabi_vec_ctor_nocookie_nodtor         0x080055b5   Thumb Code    36  aeabi_vec_ctor_nocookie_nodtor.o(i.__aeabi_vec_ctor_nocookie_nodtor)
    __cxa_pure_virtual                       0x080055d9   Thumb Code     6  pure_virt.o(i.__cxa_pure_virtual)
    _is_digit                                0x080055df   Thumb Code    14  __printf_wp.o(i._is_digit)
    _fputc$unlocked                          0x080055ed   Thumb Code    26  fputc.o(i.fputc)
    osRtxUserSVC                             0x080058c4   Data           4  rtx_lib.o(.constdata)
    __stdin_name                             0x080058c8   Data           7  retarget_io.o(.constdata)
    __stdout_name                            0x080058cf   Data           8  retarget_io.o(.constdata)
    __stderr_name                            0x080058d7   Data           8  retarget_io.o(.constdata)
    irqRtxLib                                0x080058e0   Data           1  irq_cm3.o(.constdata)
    vtable for ModBus_RTU                    0x0800591c   Data          12  mymodbus.o(.constdata__ZTV10ModBus_RTU)
    vtable for ModBus_rector                 0x08005928   Data          16  sbwt_modbus.o(.constdata__ZTV13ModBus_rector)
    vtable for STM_UART_INFO                 0x08005938   Data          52  stm32uart.o(.constdata__ZTV13STM_UART_INFO)
    vtable for sbwt_modbus_reactorf          0x0800596c   Data          16  sbwt_modbus.o(.constdata__ZTV20sbwt_modbus_reactorf)
    vtable for myModBus                      0x0800597c   Data          12  sbwt_modbus.o(.constdata__ZTV8myModBus)
    vtable for UART_INFO                     0x08005988   Data          52  stm32uart.o(.constdata__ZTV9UART_INFO)
    osRtxConfig                              0x080059bc   Data         104  rtx_lib.o(.rodata)
    os_cb_sections                           0x08005a24   Data          56  rtx_lib.o(.rodata)
    Region$$Table$$Base                      0x08005a68   Number         0  anon$$obj.o(Region$$Table)
    Region$$Table$$Limit                     0x08005a88   Number         0  anon$$obj.o(Region$$Table)
    SHT$$INIT_ARRAY$$Base                    0x08005a88   Number         0  ebyte_lora.o(.init_array)
    SHT$$INIT_ARRAY$$Limit                   0x08005a9c   Number         0  init_aeabi.o(.init_array)
    .bss.os.msgqueue.cb$$Base                0x20001230   Number         0  rtx_lib.o(.bss.os.msgqueue.cb)
    .bss.os.msgqueue.cb$$Limit               0x20001264   Number         0  rtx_lib.o(.bss.os.msgqueue.cb)
    .bss.os.thread.cb$$Base                  0x200012b4   Number         0  rtx_lib.o(.bss.os.thread.cb)
    .bss.os.thread.cb$$Limit                 0x2000133c   Number         0  rtx_lib.o(.bss.os.thread.cb)
    smr                                      0x20001850   Data           4  sbwt_modbus.o(.data)
    irqRtxLibRef                             0x200018a0   Data           4  rtx_lib.o(.data)
    ITM_RxBuffer                             0x200018a8   Data           4  retarget_io.o(.data)
    SystemCoreClock                          0x200018ac   Data           4  system_stm32f10x.o(.data)
    AHBPrescTable                            0x200018b0   Data          16  system_stm32f10x.o(.data)
    __aeabi_stdin                            0x200018c0   Data           4  stdio_streams.o(.data)
    __aeabi_stdout                           0x200018c4   Data           4  stdio_streams.o(.data)
    __aeabi_stderr                           0x200018c8   Data           4  stdio_streams.o(.data)
    _stream_list_lock                        0x200018cc   Data           4  streamlock.o(.data)
    osRtxInfo                                0x200018d0   Data         164  rtx_kernel.o(.data.os)
    sbinfo_lora                              0x20001d78   Data         400  ebyte_lora.o(.bss)
    stmuart5                                 0x20002130   Data          48  stm32uart.o(.bss)
    stmuart4                                 0x20002160   Data          48  stm32uart.o(.bss)
    stmuart3                                 0x20002190   Data          48  stm32uart.o(.bss)
    stmuart2                                 0x200021c0   Data          48  stm32uart.o(.bss)
    stmuart1                                 0x200021f0   Data          48  stm32uart.o(.bss)
    sbinfo                                   0x20002420   Data        2000  sbwt_work.o(.bss)
    dmt1                                     0x20002df0   Data         556  display.o(.bss)
    buff                                     0x20003220   Data          40  display.o(.bss)
    __stdin                                  0x20003448   Data          84  stdio_streams.o(.bss)
    __stdout                                 0x2000349c   Data          84  stdio_streams.o(.bss)
    __stderr                                 0x200034f0   Data          84  stdio_streams.o(.bss)
    __libspace_start                         0x20003544   Data          96  libspace.o(.bss)
    __temporary_stack_top$libspace           0x200035a4   Data           0  libspace.o(.bss)



==============================================================================

Memory Map of the image

  Image Entry point : 0x08000131

  Load Region LR_IROM1 (Base: 0x08000000, Size: 0x00007410, Max: 0x00080000, ABSOLUTE, COMPRESSED[0x00005b30])

    Execution Region ER_IROM1 (Exec base: 0x08000000, Load base: 0x08000000, Size: 0x00005a9c, Max: 0x00080000, ABSOLUTE)

    Exec Addr    Load Addr    Size         Type   Attr      Idx    E Section Name        Object

    0x08000000   0x08000000   0x00000130   Data   RO         1029    RESET               startup_stm32f10x_hd.o
    0x08000130   0x08000130   0x00000008   Code   RO         1586  * !!!main             c_w.l(__main.o)
    0x08000138   0x08000138   0x00000034   Code   RO         2109    !!!scatter          c_w.l(__scatter.o)
    0x0800016c   0x0800016c   0x0000005a   Code   RO         2107    !!dczerorl2         c_w.l(__dczerorl2.o)
    0x080001c6   0x080001c6   0x00000002   PAD
    0x080001c8   0x080001c8   0x0000001c   Code   RO         2111    !!handler_zi        c_w.l(__scatter_zi.o)
    0x080001e4   0x080001e4   0x00000000   Code   RO         1575    .ARM.Collect$$_printf_percent$$00000000  c_w.l(_printf_percent.o)
    0x080001e4   0x080001e4   0x00000006   Code   RO         1574    .ARM.Collect$$_printf_percent$$00000009  c_w.l(_printf_d.o)
    0x080001ea   0x080001ea   0x00000006   Code   RO         1573    .ARM.Collect$$_printf_percent$$0000000C  c_w.l(_printf_x.o)
    0x080001f0   0x080001f0   0x00000004   Code   RO         1715    .ARM.Collect$$_printf_percent$$00000017  c_w.l(_printf_percent_end.o)
    0x080001f4   0x080001f4   0x00000002   Code   RO         1951    .ARM.Collect$$libinit$$00000000  c_w.l(libinit.o)
    0x080001f6   0x080001f6   0x00000000   Code   RO         1729    .ARM.Collect$$libinit$$00000002  c_w.l(libinit2.o)
    0x080001f6   0x080001f6   0x00000000   Code   RO         1731    .ARM.Collect$$libinit$$00000004  c_w.l(libinit2.o)
    0x080001f6   0x080001f6   0x00000008   Code   RO         1732    .ARM.Collect$$libinit$$00000005  c_w.l(libinit2.o)
    0x080001fe   0x080001fe   0x00000000   Code   RO         1734    .ARM.Collect$$libinit$$0000000A  c_w.l(libinit2.o)
    0x080001fe   0x080001fe   0x00000000   Code   RO         1736    .ARM.Collect$$libinit$$0000000C  c_w.l(libinit2.o)
    0x080001fe   0x080001fe   0x00000000   Code   RO         1738    .ARM.Collect$$libinit$$0000000E  c_w.l(libinit2.o)
    0x080001fe   0x080001fe   0x00000000   Code   RO         1741    .ARM.Collect$$libinit$$00000011  c_w.l(libinit2.o)
    0x080001fe   0x080001fe   0x00000000   Code   RO         1743    .ARM.Collect$$libinit$$00000013  c_w.l(libinit2.o)
    0x080001fe   0x080001fe   0x00000000   Code   RO         1745    .ARM.Collect$$libinit$$00000015  c_w.l(libinit2.o)
    0x080001fe   0x080001fe   0x00000000   Code   RO         1747    .ARM.Collect$$libinit$$00000017  c_w.l(libinit2.o)
    0x080001fe   0x080001fe   0x00000000   Code   RO         1749    .ARM.Collect$$libinit$$00000019  c_w.l(libinit2.o)
    0x080001fe   0x080001fe   0x00000000   Code   RO         1751    .ARM.Collect$$libinit$$0000001B  c_w.l(libinit2.o)
    0x080001fe   0x080001fe   0x00000000   Code   RO         1753    .ARM.Collect$$libinit$$0000001D  c_w.l(libinit2.o)
    0x080001fe   0x080001fe   0x00000000   Code   RO         1755    .ARM.Collect$$libinit$$0000001F  c_w.l(libinit2.o)
    0x080001fe   0x080001fe   0x00000000   Code   RO         1757    .ARM.Collect$$libinit$$00000021  c_w.l(libinit2.o)
    0x080001fe   0x080001fe   0x00000000   Code   RO         1759    .ARM.Collect$$libinit$$00000023  c_w.l(libinit2.o)
    0x080001fe   0x080001fe   0x00000004   Code   RO         1760    .ARM.Collect$$libinit$$00000024  c_w.l(libinit2.o)
    0x08000202   0x08000202   0x00000000   Code   RO         1761    .ARM.Collect$$libinit$$00000025  c_w.l(libinit2.o)
    0x08000202   0x08000202   0x00000000   Code   RO         1765    .ARM.Collect$$libinit$$0000002C  c_w.l(libinit2.o)
    0x08000202   0x08000202   0x00000000   Code   RO         1767    .ARM.Collect$$libinit$$0000002E  c_w.l(libinit2.o)
    0x08000202   0x08000202   0x00000000   Code   RO         1769    .ARM.Collect$$libinit$$00000030  c_w.l(libinit2.o)
    0x08000202   0x08000202   0x00000004   Code   RO         1770    .ARM.Collect$$libinit$$00000031  c_w.l(libinit2.o)
    0x08000206   0x08000206   0x00000000   Code   RO         1771    .ARM.Collect$$libinit$$00000032  c_w.l(libinit2.o)
    0x08000206   0x08000206   0x00000002   Code   RO         1772    .ARM.Collect$$libinit$$00000033  c_w.l(libinit2.o)
    0x08000208   0x08000208   0x00000002   Code   RO         2100    .ARM.Collect$$libshutdown$$00000000  c_w.l(libshutdown.o)
    0x0800020a   0x0800020a   0x00000000   Code   RO         1953    .ARM.Collect$$libshutdown$$00000002  c_w.l(libshutdown2.o)
    0x0800020a   0x0800020a   0x00000004   Code   RO         1954    .ARM.Collect$$libshutdown$$00000003  c_w.l(libshutdown2.o)
    0x0800020e   0x0800020e   0x00000000   Code   RO         1955    .ARM.Collect$$libshutdown$$00000004  c_w.l(libshutdown2.o)
    0x0800020e   0x0800020e   0x00000000   Code   RO         1958    .ARM.Collect$$libshutdown$$00000007  c_w.l(libshutdown2.o)
    0x0800020e   0x0800020e   0x00000000   Code   RO         1961    .ARM.Collect$$libshutdown$$0000000A  c_w.l(libshutdown2.o)
    0x0800020e   0x0800020e   0x00000000   Code   RO         1963    .ARM.Collect$$libshutdown$$0000000C  c_w.l(libshutdown2.o)
    0x0800020e   0x0800020e   0x00000004   Code   RO         1964    .ARM.Collect$$libshutdown$$0000000D  c_w.l(libshutdown2.o)
    0x08000212   0x08000212   0x00000000   Code   RO         1966    .ARM.Collect$$libshutdown$$0000000F  c_w.l(libshutdown2.o)
    0x08000212   0x08000212   0x00000002   Code   RO         1967    .ARM.Collect$$libshutdown$$00000010  c_w.l(libshutdown2.o)
    0x08000214   0x08000214   0x00000000   Code   RO         1706    .ARM.Collect$$rtentry$$00000000  c_w.l(__rtentry.o)
    0x08000214   0x08000214   0x00000000   Code   RO         1790    .ARM.Collect$$rtentry$$00000002  c_w.l(__rtentry2.o)
    0x08000214   0x08000214   0x00000006   Code   RO         1802    .ARM.Collect$$rtentry$$00000004  c_w.l(__rtentry4.o)
    0x0800021a   0x0800021a   0x00000008   Code   RO         1791    .ARM.Collect$$rtentry$$00000008  c_w.l(__rtentry2.o)
    0x08000222   0x08000222   0x00000004   Code   RO         1793    .ARM.Collect$$rtentry$$0000000A  c_w.l(__rtentry2.o)
    0x08000226   0x08000226   0x00000000   Code   RO         1795    .ARM.Collect$$rtentry$$0000000C  c_w.l(__rtentry2.o)
    0x08000226   0x08000226   0x00000008   Code   RO         1796    .ARM.Collect$$rtentry$$0000000D  c_w.l(__rtentry2.o)
    0x0800022e   0x0800022e   0x00000002   Code   RO         1990    .ARM.Collect$$rtexit$$00000000  c_w.l(rtexit.o)
    0x08000230   0x08000230   0x00000000   Code   RO         2050    .ARM.Collect$$rtexit$$00000002  c_w.l(rtexit2.o)
    0x08000230   0x08000230   0x00000004   Code   RO         2051    .ARM.Collect$$rtexit$$00000003  c_w.l(rtexit2.o)
    0x08000234   0x08000234   0x00000006   Code   RO         2052    .ARM.Collect$$rtexit$$00000004  c_w.l(rtexit2.o)
    0x0800023a   0x0800023a   0x00000002   PAD
    0x0800023c   0x0800023c   0x00000000   Code   RO         2057    .emb_text           c_w.l(maybetermalloc2.o)
    0x0800023c   0x0800023c   0x0000006a   Code   RO            1    .text               main.o
    0x080002a6   0x080002a6   0x00000002   PAD
    0x080002a8   0x080002a8   0x00000170   Code   RO          124    .text               ebyte_lora.o
    0x08000418   0x08000418   0x0000013c   Code   RO          163    .text               mymodbus.o
    0x08000554   0x08000554   0x00000080   Code   RO          192    .text               sbwt_modbus.o
    0x080005d4   0x080005d4   0x00000038   Code   RO          247    .text               mbcrc.o
    0x0800060c   0x0800060c   0x000000dc   Code   RO          265    .text               misc.o
    0x080006e8   0x080006e8   0x0000035c   Code   RO          444    .text               stm32f10x_gpio.o
    0x08000a44   0x08000a44   0x000003a4   Code   RO          468    .text               stm32f10x_rcc.o
    0x08000de8   0x08000de8   0x00000408   Code   RO          506    .text               stm32f10x_usart.o
    0x080011f0   0x080011f0   0x000003f4   Code   RO          554    .text               stm32uart.o
    0x080015e4   0x080015e4   0x000000f4   Code   RO          661    .text               sbwt_app.o
    0x080016d8   0x080016d8   0x0000047c   Code   RO          688    .text               sbwt_transfer.o
    0x08001b54   0x08001b54   0x00000140   Code   RO          720    .text               sbwt_work.o
    0x08001c94   0x08001c94   0x00000260   Code   RO          762    .text               display.o
    0x08001ef4   0x08001ef4   0x000002b8   Code   RO          858    .text               dmt.o
    0x080021ac   0x080021ac   0x0000026c   Code   RO          885    .text               dmt_uart.o
    0x08002418   0x08002418   0x00000024   Code   RO          908    .text               rtx_config.o
    0x0800243c   0x0800243c   0x000000d8   Code   RO          949    .text               rtx_lib.o
    0x08002514   0x08002514   0x000001d4   Code   RO          995    .text               retarget_io.o
    0x080026e8   0x080026e8   0x00000040   Code   RO         1030    .text               startup_stm32f10x_hd.o
    0x08002728   0x08002728   0x000001e0   Code   RO         1034    .text               system_stm32f10x.o
    0x08002908   0x08002908   0x00000094   Code   RO         1303    .text               RTX_CM3.lib(irq_cm3.o)
    0x0800299c   0x0800299c   0x00000018   Code   RO         1518    .text               c_w.l(__2printf.o)
    0x080029b4   0x080029b4   0x0000002c   Code   RO         1520    .text               c_w.l(__2sprintf.o)
    0x080029e0   0x080029e0   0x0000004e   Code   RO         1528    .text               c_w.l(_printf_pad.o)
    0x08002a2e   0x08002a2e   0x00000002   PAD
    0x08002a30   0x08002a30   0x00000078   Code   RO         1530    .text               c_w.l(_printf_dec.o)
    0x08002aa8   0x08002aa8   0x00000058   Code   RO         1535    .text               c_w.l(_printf_hex_int.o)
    0x08002b00   0x08002b00   0x00000138   Code   RO         1565    .text               c_w.l(__printf_flags_wp.o)
    0x08002c38   0x08002c38   0x0000008a   Code   RO         1576    .text               c_w.l(rt_memcpy_v6.o)
    0x08002cc2   0x08002cc2   0x00000044   Code   RO         1578    .text               c_w.l(rt_memclr.o)
    0x08002d06   0x08002d06   0x0000004e   Code   RO         1580    .text               c_w.l(rt_memclr_w.o)
    0x08002d54   0x08002d54   0x00000080   Code   RO         1582    .text               c_w.l(strcmpv7m.o)
    0x08002dd4   0x08002dd4   0x00000006   Code   RO         1584    .text               c_w.l(heapauxi.o)
    0x08002dda   0x08002dda   0x00000002   PAD
    0x08002ddc   0x08002ddc   0x00000024   Code   RO         1591    .text               c_w.l(init_aeabi.o)
    0x08002e00   0x08002e00   0x000000b2   Code   RO         1707    .text               c_w.l(_printf_intcommon.o)
    0x08002eb2   0x08002eb2   0x00000002   PAD
    0x08002eb4   0x08002eb4   0x00000030   Code   RO         1709    .text               c_w.l(_printf_char_common.o)
    0x08002ee4   0x08002ee4   0x0000000a   Code   RO         1711    .text               c_w.l(_sputc.o)
    0x08002eee   0x08002eee   0x0000000e   Code   RO         1722    .text               c_w.l(defsig_pvfn_outer.o)
    0x08002efc   0x08002efc   0x00000064   Code   RO         1726    .text               c_w.l(rt_memcpy_w.o)
    0x08002f60   0x08002f60   0x000001c8   Code   RO         1820    .text               c_w.l(initio_locked.o)
    0x08003128   0x08003128   0x0000000a   Code   RO         1822    .text               c_w.l(defsig_exit.o)
    0x08003132   0x08003132   0x00000002   PAD
    0x08003134   0x08003134   0x00000030   Code   RO         1824    .text               c_w.l(defsig_pvfn_inner.o)
    0x08003164   0x08003164   0x0000000c   Code   RO         1846    .text               c_w.l(sys_exit.o)
    0x08003170   0x08003170   0x0000004a   Code   RO         1848    .text               c_w.l(sys_stackheap_outer.o)
    0x080031ba   0x080031ba   0x0000009e   Code   RO         1865    .text               c_w.l(h1_alloc_mt.o)
    0x08003258   0x08003258   0x00000076   Code   RO         1867    .text               c_w.l(h1_free_mt.o)
    0x080032ce   0x080032ce   0x000001d6   Code   RO         1919    .text               c_w.l(flsbuf.o)
    0x080034a4   0x080034a4   0x0000004c   Code   RO         1926    .text               c_w.l(fclose.o)
    0x080034f0   0x080034f0   0x00000068   Code   RO         1928    .text               c_w.l(setvbuf_locked.o)
    0x08003558   0x08003558   0x00000144   Code   RO         1930    .text               c_w.l(fopen_locked.o)
    0x0800369c   0x0800369c   0x00000012   Code   RO         1932    .text               c_w.l(exit.o)
    0x080036ae   0x080036ae   0x00000032   Code   RO         1938    .text               c_w.l(defsig_general.o)
    0x080036e0   0x080036e0   0x0000000e   Code   RO         1940    .text               c_w.l(defsig_rtred_outer.o)
    0x080036ee   0x080036ee   0x0000000e   Code   RO         1980    .text               c_w.l(sys_wrch.o)
    0x080036fc   0x080036fc   0x00000008   Code   RO         1984    .text               c_w.l(libspace.o)
    0x08003704   0x08003704   0x00000002   Code   RO         1987    .text               c_w.l(use_no_semi.o)
    0x08003706   0x08003706   0x00000000   Code   RO         1989    .text               c_w.l(indicate_semi.o)
    0x08003706   0x08003706   0x0000000a   Code   RO         1997    .text               c_w.l(rt_heap_descriptor_twolibspace.o)
    0x08003710   0x08003710   0x00000004   Code   RO         1999    .text               c_w.l(hguard.o)
    0x08003714   0x08003714   0x0000008a   Code   RO         2003    .text               c_w.l(init_alloc.o)
    0x0800379e   0x0800379e   0x00000012   Code   RO         2009    .text               c_w.l(h1_init_mt.o)
    0x080037b0   0x080037b0   0x00000040   Code   RO         2021    .text               c_w.l(_printf_char_file_locked.o)
    0x080037f0   0x080037f0   0x000000f8   Code   RO         2023    .text               c_w.l(fseek.o)
    0x080038e8   0x080038e8   0x000000f0   Code   RO         2025    .text               c_w.l(stdio.o)
    0x080039d8   0x080039d8   0x00000034   Code   RO         2037    .text               c_w.l(defsig_rtred_inner.o)
    0x08003a0c   0x08003a0c   0x0000000e   Code   RO         2039    .text               c_w.l(defsig_rtmem_outer.o)
    0x08003a1a   0x08003a1a   0x0000003e   Code   RO         2060    .text               c_w.l(h1_extend_mt.o)
    0x08003a58   0x08003a58   0x00000042   Code   RO         2066    .text               c_w.l(ftell.o)
    0x08003a9a   0x08003a9a   0x00000002   PAD
    0x08003a9c   0x08003a9c   0x00000050   Code   RO         2076    .text               c_w.l(defsig_rtmem_inner.o)
    0x08003aec   0x08003aec   0x00000004   Code   RO         2094    .text               c_w.l(rt_errno_addr_twolibspace.o)
    0x08003af0   0x08003af0   0x00000010   Code   RO         2096    .text               c_w.l(term_alloc.o)
    0x08003b00   0x08003b00   0x0000000a   Code   RO         2103    .text               c_w.l(h1_final_mt.o)
    0x08003b0a   0x08003b0a   0x00000044   Code   RO         1500    .text.MessageQueueGet  RTX_CM3.lib(rtx_msgqueue.o)
    0x08003b4e   0x08003b4e   0x00000062   Code   RO         1494    .text.MessageQueuePut  RTX_CM3.lib(rtx_msgqueue.o)
    0x08003bb0   0x08003bb0   0x0000001c   Code   RO         1492    .text.MessageQueueRemove  RTX_CM3.lib(rtx_msgqueue.o)
    0x08003bcc   0x08003bcc   0x0000000c   Code   RO         1438    .text.OS_Tick_AcknowledgeIRQ  RTX_CM3.lib(os_systick.o)
    0x08003bd8   0x08003bd8   0x0000002c   Code   RO         1434    .text.OS_Tick_Enable  RTX_CM3.lib(os_systick.o)
    0x08003c04   0x08003c04   0x00000006   Code   RO         1440    .text.OS_Tick_GetIRQn  RTX_CM3.lib(os_systick.o)
    0x08003c0a   0x08003c0a   0x00000002   PAD
    0x08003c0c   0x08003c0c   0x00000040   Code   RO         1432    .text.OS_Tick_Setup  RTX_CM3.lib(os_systick.o)
    0x08003c4c   0x08003c4c   0x0000006a   Code   RO         1198    .text.ThreadFlagsCheck  RTX_CM3.lib(rtx_thread.o)
    0x08003cb6   0x08003cb6   0x00000002   PAD
    0x08003cb8   0x08003cb8   0x00000050   Code   RO         1324    .text.TimerInsert   RTX_CM3.lib(rtx_timer.o)
    0x08003d08   0x08003d08   0x00000024   Code   RO         1251    .text.osDelay       RTX_CM3.lib(rtx_delay.o)
    0x08003d2c   0x08003d2c   0x00000030   Code   RO         1061    .text.osKernelGetState  RTX_CM3.lib(rtx_kernel.o)
    0x08003d5c   0x08003d5c   0x0000002c   Code   RO         1055    .text.osKernelInitialize  RTX_CM3.lib(rtx_kernel.o)
    0x08003d88   0x08003d88   0x00000024   Code   RO         1065    .text.osKernelStart  RTX_CM3.lib(rtx_kernel.o)
    0x08003dac   0x08003dac   0x0000006c   Code   RO         1466    .text.osMessageQueueGet  RTX_CM3.lib(rtx_msgqueue.o)
    0x08003e18   0x08003e18   0x00000024   Code   RO         1460    .text.osMessageQueueNew  RTX_CM3.lib(rtx_msgqueue.o)
    0x08003e3c   0x08003e3c   0x00000078   Code   RO         1464    .text.osMessageQueuePut  RTX_CM3.lib(rtx_msgqueue.o)
    0x08003eb4   0x08003eb4   0x00000024   Code   RO         1274    .text.osMutexAcquire  RTX_CM3.lib(rtx_mutex.o)
    0x08003ed8   0x08003ed8   0x00000024   Code   RO         1280    .text.osMutexDelete  RTX_CM3.lib(rtx_mutex.o)
    0x08003efc   0x08003efc   0x00000024   Code   RO         1270    .text.osMutexNew    RTX_CM3.lib(rtx_mutex.o)
    0x08003f20   0x08003f20   0x00000024   Code   RO         1276    .text.osMutexRelease  RTX_CM3.lib(rtx_mutex.o)
    0x08003f44   0x08003f44   0x00000002   Code   RO         1053    .text.osRtxKernelPreInit  RTX_CM3.lib(rtx_kernel.o)
    0x08003f46   0x08003f46   0x00000080   Code   RO         1351    .text.osRtxMemoryAlloc  RTX_CM3.lib(rtx_memory.o)
    0x08003fc6   0x08003fc6   0x00000052   Code   RO         1353    .text.osRtxMemoryFree  RTX_CM3.lib(rtx_memory.o)
    0x08004018   0x08004018   0x00000036   Code   RO         1349    .text.osRtxMemoryInit  RTX_CM3.lib(rtx_memory.o)
    0x0800404e   0x0800404e   0x0000003a   Code   RO         1366    .text.osRtxMemoryPoolAlloc  RTX_CM3.lib(rtx_mempool.o)
    0x08004088   0x08004088   0x0000004a   Code   RO         1368    .text.osRtxMemoryPoolFree  RTX_CM3.lib(rtx_mempool.o)
    0x080040d2   0x080040d2   0x00000046   Code   RO         1364    .text.osRtxMemoryPoolInit  RTX_CM3.lib(rtx_mempool.o)
    0x08004118   0x08004118   0x000000ba   Code   RO         1490    .text.osRtxMessageQueuePostProcess  RTX_CM3.lib(rtx_msgqueue.o)
    0x080041d2   0x080041d2   0x0000004a   Code   RO         1268    .text.osRtxMutexOwnerRelease  RTX_CM3.lib(rtx_mutex.o)
    0x0800421c   0x0800421c   0x00000090   Code   RO         1419    .text.osRtxPendSV_Handler  RTX_CM3.lib(rtx_system.o)
    0x080042ac   0x080042ac   0x00000074   Code   RO         1421    .text.osRtxPostProcess  RTX_CM3.lib(rtx_system.o)
    0x08004320   0x08004320   0x00000038   Code   RO         1138    .text.osRtxThreadBlock  RTX_CM3.lib(rtx_thread.o)
    0x08004358   0x08004358   0x00000088   Code   RO         1146    .text.osRtxThreadDelayInsert  RTX_CM3.lib(rtx_thread.o)
    0x080043e0   0x080043e0   0x0000003c   Code   RO         1142    .text.osRtxThreadDelayRemove  RTX_CM3.lib(rtx_thread.o)
    0x0800441c   0x0800441c   0x00000034   Code   RO         1128    .text.osRtxThreadDelayTick  RTX_CM3.lib(rtx_thread.o)
    0x08004450   0x08004450   0x0000005c   Code   RO         1136    .text.osRtxThreadDispatch  RTX_CM3.lib(rtx_thread.o)
    0x080044ac   0x080044ac   0x00000058   Code   RO         1222    .text.osRtxThreadFree  RTX_CM3.lib(rtx_thread.o)
    0x08004504   0x08004504   0x00000014   Code   RO         1120    .text.osRtxThreadListGet  RTX_CM3.lib(rtx_thread.o)
    0x08004518   0x08004518   0x0000002a   Code   RO         1118    .text.osRtxThreadListPut  RTX_CM3.lib(rtx_thread.o)
    0x08004542   0x08004542   0x00000014   Code   RO         1124    .text.osRtxThreadListRemove  RTX_CM3.lib(rtx_thread.o)
    0x08004556   0x08004556   0x00000028   Code   RO         1122    .text.osRtxThreadListSort  RTX_CM3.lib(rtx_thread.o)
    0x0800457e   0x0800457e   0x0000002a   Code   RO         1196    .text.osRtxThreadPostProcess  RTX_CM3.lib(rtx_thread.o)
    0x080045a8   0x080045a8   0x00000014   Code   RO         1126    .text.osRtxThreadReadyPut  RTX_CM3.lib(rtx_thread.o)
    0x080045bc   0x080045bc   0x00000006   Code   RO         1130    .text.osRtxThreadRegPtr  RTX_CM3.lib(rtx_thread.o)
    0x080045c2   0x080045c2   0x00000002   PAD
    0x080045c4   0x080045c4   0x00000028   Code   RO         1134    .text.osRtxThreadStackCheck  RTX_CM3.lib(rtx_thread.o)
    0x080045ec   0x080045ec   0x00000040   Code   RO         1148    .text.osRtxThreadStartup  RTX_CM3.lib(rtx_thread.o)
    0x0800462c   0x0800462c   0x00000010   Code   RO         1132    .text.osRtxThreadSwitch  RTX_CM3.lib(rtx_thread.o)
    0x0800463c   0x0800463c   0x0000003c   Code   RO         1144    .text.osRtxThreadWaitEnter  RTX_CM3.lib(rtx_thread.o)
    0x08004678   0x08004678   0x00000024   Code   RO         1140    .text.osRtxThreadWaitExit  RTX_CM3.lib(rtx_thread.o)
    0x0800469c   0x0800469c   0x00000070   Code   RO         1417    .text.osRtxTick_Handler  RTX_CM3.lib(rtx_system.o)
    0x0800470c   0x0800470c   0x0000003c   Code   RO         1308    .text.osRtxTimerThread  RTX_CM3.lib(rtx_timer.o)
    0x08004748   0x08004748   0x00000058   Code   RO         1310    .text.osRtxTimerTick  RTX_CM3.lib(rtx_timer.o)
    0x080047a0   0x080047a0   0x0000000c   Code   RO         1180    .text.osThreadExit  RTX_CM3.lib(rtx_thread.o)
    0x080047ac   0x080047ac   0x00000058   Code   RO         1188    .text.osThreadFlagsSet  RTX_CM3.lib(rtx_thread.o)
    0x08004804   0x08004804   0x00000024   Code   RO         1194    .text.osThreadFlagsWait  RTX_CM3.lib(rtx_thread.o)
    0x08004828   0x08004828   0x00000028   Code   RO         1156    .text.osThreadGetId  RTX_CM3.lib(rtx_thread.o)
    0x08004850   0x08004850   0x00000024   Code   RO         1152    .text.osThreadNew   RTX_CM3.lib(rtx_thread.o)
    0x08004874   0x08004874   0x00000014   Code   RO         1255    .text.svcRtxDelay   RTX_CM3.lib(rtx_delay.o)
    0x08004888   0x08004888   0x0000000c   Code   RO         1063    .text.svcRtxKernelGetState  RTX_CM3.lib(rtx_kernel.o)
    0x08004894   0x08004894   0x00000154   Code   RO         1093    .text.svcRtxKernelInitialize  RTX_CM3.lib(rtx_kernel.o)
    0x080049e8   0x080049e8   0x00000088   Code   RO         1095    .text.svcRtxKernelStart  RTX_CM3.lib(rtx_kernel.o)
    0x08004a70   0x08004a70   0x000000e0   Code   RO         1502    .text.svcRtxMessageQueueGet  RTX_CM3.lib(rtx_msgqueue.o)
    0x08004b50   0x08004b50   0x00000134   Code   RO         1488    .text.svcRtxMessageQueueNew  RTX_CM3.lib(rtx_msgqueue.o)
    0x08004c84   0x08004c84   0x000000c0   Code   RO         1498    .text.svcRtxMessageQueuePut  RTX_CM3.lib(rtx_msgqueue.o)
    0x08004d44   0x08004d44   0x00000090   Code   RO         1286    .text.svcRtxMutexAcquire  RTX_CM3.lib(rtx_mutex.o)
    0x08004dd4   0x08004dd4   0x000000c4   Code   RO         1292    .text.svcRtxMutexDelete  RTX_CM3.lib(rtx_mutex.o)
    0x08004e98   0x08004e98   0x0000006c   Code   RO         1282    .text.svcRtxMutexNew  RTX_CM3.lib(rtx_mutex.o)
    0x08004f04   0x08004f04   0x000000b8   Code   RO         1288    .text.svcRtxMutexRelease  RTX_CM3.lib(rtx_mutex.o)
    0x08004fbc   0x08004fbc   0x00000070   Code   RO         1226    .text.svcRtxThreadExit  RTX_CM3.lib(rtx_thread.o)
    0x0800502c   0x0800502c   0x00000066   Code   RO         1234    .text.svcRtxThreadFlagsSet  RTX_CM3.lib(rtx_thread.o)
    0x08005092   0x08005092   0x00000002   PAD
    0x08005094   0x08005094   0x0000004c   Code   RO         1240    .text.svcRtxThreadFlagsWait  RTX_CM3.lib(rtx_thread.o)
    0x080050e0   0x080050e0   0x0000000c   Code   RO         1158    .text.svcRtxThreadGetId  RTX_CM3.lib(rtx_thread.o)
    0x080050ec   0x080050ec   0x000001dc   Code   RO         1150    .text.svcRtxThreadNew  RTX_CM3.lib(rtx_thread.o)
    0x080052c8   0x080052c8   0x0000000e   Code   RO          616    i._ZN13STM_UART_INFO10checkTXCPLEv  stm32uart.o
    0x080052d6   0x080052d6   0x000000e6   Code   RO          569    i._ZN13STM_UART_INFO12usart_handleEv  stm32uart.o
    0x080053bc   0x080053bc   0x0000001a   Code   RO          609    i._ZN13STM_UART_INFO13wait_send_endEv  stm32uart.o
    0x080053d6   0x080053d6   0x0000002e   Code   RO          596    i._ZN13STM_UART_INFO4receEPhj  stm32uart.o
    0x08005404   0x08005404   0x0000002e   Code   RO          590    i._ZN13STM_UART_INFO4sendEPhj  stm32uart.o
    0x08005432   0x08005432   0x00000006   Code   RO          634    i._ZN13STM_UART_INFO6stopRXEv  stm32uart.o
    0x08005438   0x08005438   0x00000006   Code   RO          640    i._ZN13STM_UART_INFO8GetRxNumEv  stm32uart.o
    0x0800543e   0x0800543e   0x00000068   Code   RO          602    i._ZN13STM_UART_INFO9wait_receEjj  stm32uart.o
    0x080054a6   0x080054a6   0x00000002   PAD
    0x080054a8   0x080054a8   0x00000028   Code   RO          576    i._ZN13STM_UART_INFOC1ER13USART_TypeDef  stm32uart.o
    0x080054d0   0x080054d0   0x00000006   Code   RO          217    i._ZN20sbwt_modbus_reactorf4codeEv  sbwt_modbus.o
    0x080054d6   0x080054d6   0x0000009c   Code   RO          223    i._ZN20sbwt_modbus_reactorf7prodataEPhiS0_j  sbwt_modbus.o
    0x08005572   0x08005572   0x00000010   Code   RO          871    i._ZN9SBWT_INFO4initEP9UART_INFOjP16SBWT_BUFF_STRUCT  dmt.o
    0x08005582   0x08005582   0x0000001c   Code   RO          777    i._ZN9SBWT_INFO7GetDataEi  display.o
    0x0800559e   0x0800559e   0x00000010   Code   RO          735    i._ZN9SBWT_INFO8getAliveEv  sbwt_work.o
    0x080055ae   0x080055ae   0x00000006   Code   RO          139    i._ZN9SBWT_INFOC1Ev  ebyte_lora.o
    0x080055b4   0x080055b4   0x00000024   Code   RO         1703    i.__aeabi_vec_ctor_nocookie_nodtor  cpprt_w.l(aeabi_vec_ctor_nocookie_nodtor.o)
    0x080055d8   0x080055d8   0x00000006   Code   RO         1594    i.__cxa_pure_virtual  cpprt_w.l(pure_virt.o)
    0x080055de   0x080055de   0x0000000e   Code   RO         1563    i._is_digit         c_w.l(__printf_wp.o)
    0x080055ec   0x080055ec   0x0000001a   Code   RO         1811    i.fputc             c_w.l(fputc.o)
    0x08005606   0x08005606   0x00000200   Data   RO          248    .constdata          mbcrc.o
    0x08005806   0x08005806   0x00000002   PAD
    0x08005808   0x08005808   0x00000010   Data   RO          663    .constdata          sbwt_app.o
    0x08005818   0x08005818   0x0000003c   Data   RO          691    .constdata          sbwt_transfer.o
    0x08005854   0x08005854   0x00000010   Data   RO          765    .constdata          display.o
    0x08005864   0x08005864   0x00000064   Data   RO          956    .constdata          rtx_lib.o
    0x080058c8   0x080058c8   0x00000017   Data   RO          996    .constdata          retarget_io.o
    0x080058df   0x080058df   0x00000001   PAD
    0x080058e0   0x080058e0   0x00000001   Data   RO         1302    .constdata          RTX_CM3.lib(irq_cm3.o)
    0x080058e1   0x080058e1   0x00000028   Data   RO         1536    .constdata          c_w.l(_printf_hex_int.o)
    0x08005909   0x08005909   0x00000011   Data   RO         1566    .constdata          c_w.l(__printf_flags_wp.o)
    0x0800591a   0x0800591a   0x00000002   PAD
    0x0800591c   0x0800591c   0x0000000c   Data   RO          174    .constdata__ZTV10ModBus_RTU  mymodbus.o
    0x08005928   0x08005928   0x00000010   Data   RO          210    .constdata__ZTV13ModBus_rector  sbwt_modbus.o
    0x08005938   0x08005938   0x00000034   Data   RO          585    .constdata__ZTV13STM_UART_INFO  stm32uart.o
    0x0800596c   0x0800596c   0x00000010   Data   RO          212    .constdata__ZTV20sbwt_modbus_reactorf  sbwt_modbus.o
    0x0800597c   0x0800597c   0x0000000c   Data   RO          208    .constdata__ZTV8myModBus  sbwt_modbus.o
    0x08005988   0x08005988   0x00000034   Data   RO          583    .constdata__ZTV9UART_INFO  stm32uart.o
    0x080059bc   0x080059bc   0x000000a0   Data   RO          958    .rodata             rtx_lib.o
    0x08005a5c   0x08005a5c   0x0000000b   Data   RO         1107    .rodata.str1.4      RTX_CM3.lib(rtx_kernel.o)
    0x08005a67   0x08005a67   0x00000001   PAD
    0x08005a68   0x08005a68   0x00000020   Data   RO         2105    Region$$Table       anon$$obj.o
    0x08005a88   0x08005a88   0x00000004   Data   RO          128    .init_array         ebyte_lora.o
    0x08005a8c   0x08005a88   0x00000004   Data   RO          196    .init_array         sbwt_modbus.o
    0x08005a90   0x08005a88   0x00000004   Data   RO          558    .init_array         stm32uart.o
    0x08005a94   0x08005a88   0x00000004   Data   RO          724    .init_array         sbwt_work.o
    0x08005a98   0x08005a88   0x00000004   Data   RO          766    .init_array         display.o
    0x08005a9c   0x08005a88   0x00000000   Data   RO         1589    .init_array         c_w.l(init_aeabi.o)


    Execution Region RW_IRAM1 (Exec base: 0x20000000, Load base: 0x08005a9c, Size: 0x00003fa8, Max: 0x00010000, ABSOLUTE, COMPRESSED[0x00000094])

    Exec Addr    Load Addr    Size         Type   Attr      Idx    E Section Name        Object

    0x20000000   COMPRESSED   0x00001040   Data   RW          950    .bss.os             rtx_lib.o
    0x20001040   COMPRESSED   0x000001f0   Data   RW          951    .bss.os.libspace    rtx_lib.o
    0x20001230   COMPRESSED   0x00000034   Data   RW          952    .bss.os.msgqueue.cb  rtx_lib.o
    0x20001264   COMPRESSED   0x00000050   Data   RW          953    .bss.os.msgqueue.mem  rtx_lib.o
    0x200012b4   COMPRESSED   0x00000088   Data   RW          954    .bss.os.thread.cb   rtx_lib.o
    0x2000133c   COMPRESSED   0x00000004   PAD
    0x20001340   COMPRESSED   0x00000500   Data   RW          955    .bss.os.thread.stack  rtx_lib.o
    0x20001840   COMPRESSED   0x00000010   Data   RW          127    .data               ebyte_lora.o
    0x20001850   COMPRESSED   0x00000004   Data   RW          195    .data               sbwt_modbus.o
    0x20001854   COMPRESSED   0x00000014   Data   RW          469    .data               stm32f10x_rcc.o
    0x20001868   COMPRESSED   0x00000028   Data   RW          557    .data               stm32uart.o
    0x20001890   COMPRESSED   0x00000010   Data   RW          723    .data               sbwt_work.o
    0x200018a0   COMPRESSED   0x00000005   Data   RW          957    .data               rtx_lib.o
    0x200018a5   COMPRESSED   0x00000003   PAD
    0x200018a8   COMPRESSED   0x00000004   Data   RW          997    .data               retarget_io.o
    0x200018ac   COMPRESSED   0x00000014   Data   RW         1035    .data               system_stm32f10x.o
    0x200018c0   COMPRESSED   0x00000004   Data   RW         1719    .data               c_w.l(stdio_streams.o)
    0x200018c4   COMPRESSED   0x00000004   Data   RW         1720    .data               c_w.l(stdio_streams.o)
    0x200018c8   COMPRESSED   0x00000004   Data   RW         1721    .data               c_w.l(stdio_streams.o)
    0x200018cc   COMPRESSED   0x00000004   Data   RW         1923    .data               c_w.l(streamlock.o)
    0x200018d0   COMPRESSED   0x000000a4   Data   RW         1108    .data.os            RTX_CM3.lib(rtx_kernel.o)
    0x20001974   COMPRESSED   0x00000004   PAD
    0x20001978        -       0x000005b4   Zero   RW          126    .bss                ebyte_lora.o
    0x20001f2c   COMPRESSED   0x00000004   PAD
    0x20001f30        -       0x00000200   Zero   RW          194    .bss                sbwt_modbus.o
    0x20002130        -       0x000000f0   Zero   RW          556    .bss                stm32uart.o
    0x20002220        -       0x00000bd0   Zero   RW          722    .bss                sbwt_work.o
    0x20002df0        -       0x00000458   Zero   RW          764    .bss                display.o
    0x20003248        -       0x00000200   Zero   RW          861    .bss                dmt.o
    0x20003448        -       0x00000054   Zero   RW         1716    .bss                c_w.l(stdio_streams.o)
    0x2000349c        -       0x00000054   Zero   RW         1717    .bss                c_w.l(stdio_streams.o)
    0x200034f0        -       0x00000054   Zero   RW         1718    .bss                c_w.l(stdio_streams.o)
    0x20003544        -       0x00000060   Zero   RW         1985    .bss                c_w.l(libspace.o)
    0x200035a4        -       0x00000001   Zero   RW         1450    .bss.PendST         RTX_CM3.lib(os_systick.o)
    0x200035a5   COMPRESSED   0x00000003   PAD
    0x200035a8        -       0x00000200   Zero   RW         1028    HEAP                startup_stm32f10x_hd.o
    0x200037a8        -       0x00000800   Zero   RW         1027    STACK               startup_stm32f10x_hd.o


==============================================================================

Image component sizes


      Code (inc. data)   RO Data    RW Data    ZI Data      Debug   Object Name

       636         54         20          0       1112      12277   display.o
       712          4          0          0        512       7711   dmt.o
       620          0          0          0          0       6901   dmt_uart.o
       374         26          4         16       1460       7312   ebyte_lora.o
       106          0          0          0          0     228880   main.o
        56          8        512          0          0       5732   mbcrc.o
       220         22          0          0          0     229301   misc.o
       316          0         12          0          0       3668   mymodbus.o
       468         38         23          4          0       4468   retarget_io.o
        36          6          0          0          0       4295   rtx_config.o
       216         14        260       6209          0      10756   rtx_lib.o
       244         42         16          0          0       4268   sbwt_app.o
       290         24         48          4        512       6822   sbwt_modbus.o
      1148         24         60          0          0       7587   sbwt_transfer.o
       336         18          4         16       3024      10910   sbwt_work.o
        64         26        304          0       2560        788   startup_stm32f10x_hd.o
       860         38          0          0          0       5601   stm32f10x_gpio.o
       932         36          0         20          0       8728   stm32f10x_rcc.o
      1032         22          0          0          0       8324   stm32f10x_usart.o
      1530         70        108         40        240       9843   stm32uart.o
       480         38          0         20          0       1735   system_stm32f10x.o

    ----------------------------------------------------------------------
     10680        510       1406       6336       9424     585907   Object Totals
         0          0         32          0          0          0   (incl. Generated)
         4          0          3          7          4          0   (incl. Padding)

    ----------------------------------------------------------------------

      Code (inc. data)   RO Data    RW Data    ZI Data      Debug   Library Member Name

       148         10          1          0          0        484   irq_cm3.o
       126         32          0          0          1       3108   os_systick.o
        56          4          0          0          0       2838   rtx_delay.o
       618         48         11        164          0      17132   rtx_kernel.o
       264          0          0          0          0       2403   rtx_memory.o
       202          0          0          0          0      16408   rtx_mempool.o
      1368         28          0          0          0      18781   rtx_msgqueue.o
       850         32          0          0          0       9465   rtx_mutex.o
       372         26          0          0          0       5417   rtx_system.o
      1986        116          0          0          0      32225   rtx_thread.o
       228         20          0          0          0      10252   rtx_timer.o
        24          4          0          0          0         84   __2printf.o
        44          6          0          0          0         84   __2sprintf.o
        90          0          0          0          0          0   __dczerorl2.o
         8          0          0          0          0         68   __main.o
       312          4         17          0          0         92   __printf_flags_wp.o
        14          0          0          0          0         68   __printf_wp.o
         0          0          0          0          0          0   __rtentry.o
        20          0          0          0          0          0   __rtentry2.o
         6          0          0          0          0          0   __rtentry4.o
        52          8          0          0          0          0   __scatter.o
        28          0          0          0          0          0   __scatter_zi.o
        48          6          0          0          0         96   _printf_char_common.o
        64          6          0          0          0         84   _printf_char_file_locked.o
         6          0          0          0          0          0   _printf_d.o
       120         16          0          0          0         92   _printf_dec.o
        88          4         40          0          0         88   _printf_hex_int.o
       178          0          0          0          0         88   _printf_intcommon.o
        78          0          0          0          0        108   _printf_pad.o
         0          0          0          0          0          0   _printf_percent.o
         4          0          0          0          0          0   _printf_percent_end.o
         6          0          0          0          0          0   _printf_x.o
        10          0          0          0          0         68   _sputc.o
        10          0          0          0          0         68   defsig_exit.o
        50          0          0          0          0         88   defsig_general.o
        48         34          0          0          0         76   defsig_pvfn_inner.o
        14          0          0          0          0         80   defsig_pvfn_outer.o
        80         58          0          0          0         76   defsig_rtmem_inner.o
        14          0          0          0          0         80   defsig_rtmem_outer.o
        52         38          0          0          0         76   defsig_rtred_inner.o
        14          0          0          0          0         80   defsig_rtred_outer.o
        18          0          0          0          0         80   exit.o
        76          0          0          0          0         88   fclose.o
       470          0          0          0          0         88   flsbuf.o
       324          8          0          0          0        152   fopen_locked.o
        26          0          0          0          0         68   fputc.o
       248          6          0          0          0         84   fseek.o
        66          0          0          0          0         76   ftell.o
       158          0          0          0          0        128   h1_alloc_mt.o
        62          0          0          0          0         80   h1_extend_mt.o
        10          0          0          0          0         76   h1_final_mt.o
       118          0          0          0          0        108   h1_free_mt.o
        18          0          0          0          0         84   h1_init_mt.o
         6          0          0          0          0        152   heapauxi.o
         4          0          0          0          0        136   hguard.o
         0          0          0          0          0          0   indicate_semi.o
        36         10          0          0          0         80   init_aeabi.o
       138          0          0          0          0        168   init_alloc.o
       456         48          0          0          0        116   initio_locked.o
         2          0          0          0          0          0   libinit.o
        18          0          0          0          0          0   libinit2.o
         2          0          0          0          0          0   libshutdown.o
        10          0          0          0          0          0   libshutdown2.o
         8          4          0          0         96         68   libspace.o
         0          0          0          0          0          0   maybetermalloc2.o
         4          0          0          0          0         68   rt_errno_addr_twolibspace.o
        10          0          0          0          0         76   rt_heap_descriptor_twolibspace.o
        68          0          0          0          0         68   rt_memclr.o
        78          0          0          0          0         80   rt_memclr_w.o
       138          0          0          0          0         68   rt_memcpy_v6.o
       100          0          0          0          0         80   rt_memcpy_w.o
         2          0          0          0          0          0   rtexit.o
        10          0          0          0          0          0   rtexit2.o
       104          0          0          0          0         88   setvbuf_locked.o
       240          6          0          0          0        156   stdio.o
         0          0          0         12        252          0   stdio_streams.o
       128          0          0          0          0         68   strcmpv7m.o
         0          0          0          4          0          0   streamlock.o
        12          4          0          0          0         68   sys_exit.o
        74          0          0          0          0         80   sys_stackheap_outer.o
        14          0          0          0          0         76   sys_wrch.o
        16          0          0          0          0         80   term_alloc.o
         2          0          0          0          0         68   use_no_semi.o
        36          0          0          0          0         84   aeabi_vec_ctor_nocookie_nodtor.o
         6          0          0          0          0         68   pure_virt.o

    ----------------------------------------------------------------------
     11038        586         72        180        356     123265   Library Totals
        22          0          3          0          7          0   (incl. Padding)

    ----------------------------------------------------------------------

      Code (inc. data)   RO Data    RW Data    ZI Data      Debug   Library Name

      6218        316         12        164          1     118513   RTX_CM3.lib
      4756        270         57         16        348       4600   c_w.l
        42          0          0          0          0        152   cpprt_w.l

    ----------------------------------------------------------------------
     11038        586         72        180        356     123265   Library Totals

    ----------------------------------------------------------------------

==============================================================================


      Code (inc. data)   RO Data    RW Data    ZI Data      Debug   

     21718       1096       1478       6516       9780     704188   Grand Totals
     21718       1096       1478        148       9780     704188   ELF Image Totals (compressed)
     21718       1096       1478        148          0          0   ROM Totals

==============================================================================

    Total RO  Size (Code + RO Data)                23196 (  22.65kB)
    Total RW  Size (RW Data + ZI Data)             16296 (  15.91kB)
    Total ROM Size (Code + RO Data + RW Data)      23344 (  22.80kB)

==============================================================================

